
*** Running vivado
    with args -log hdmi_out_wrapper.vdi -applog -m64 -product Vivado -messageDb vivado.pb -mode batch -source hdmi_out_wrapper.tcl -notrace


ECHO is off.
ECHO is off.

****** Vivado v2023.2 (64-bit)
  **** SW Build 4029153 on Fri Oct 13 20:14:34 MDT 2023
  **** IP Build 4028589 on Sat Oct 14 00:45:43 MDT 2023
  **** SharedData Build 4025554 on Tue Oct 10 17:18:54 MDT 2023
    ** Copyright 1986-2022 Xilinx, Inc. All Rights Reserved.
    ** Copyright 2022-2023 Advanced Micro Devices, Inc. All Rights Reserved.

source hdmi_out_wrapper.tcl -notrace
create_project: Time (s): cpu = 00:00:12 ; elapsed = 00:00:13 . Memory (MB): peak = 458.152 ; gain = 180.109
INFO: [IP_Flow 19-234] Refreshing IP repositories
INFO: [IP_Flow 19-1700] Loaded user IP repository 'c:/Users/Home/Documents/FPGASummerProject/HDMI_Github/vivado-library-master (1)/vivado-library-master'.
INFO: [IP_Flow 19-2313] Loaded Vivado IP repository 'C:/Users/Home/vivado/Vivado/2023.2/data/ip'.
WARNING: [IP_Flow 19-4995] The host OS only allows 260 characters in a normal path. The IP cache path is more than 80 characters. If you experience issues with IP caching, please consider changing the IP cache to a location with a shorter path. Alternately consider using the OS subst command to map part of the path to a drive letter. 
Current IP cache path is C:/Users/Home/Documents/FPGASummerProject/Project/matrix_multiplier/matrix_multiplier.cache/ip 
Command: link_design -top hdmi_out_wrapper -part xc7z020clg400-1
Design is defaulting to srcset: sources_1
Design is defaulting to constrset: constrs_1
INFO: [Device 21-403] Loading part xc7z020clg400-1
INFO: [Project 1-454] Reading design checkpoint 'c:/Users/Home/Documents/FPGASummerProject/Project/matrix_multiplier/matrix_multiplier.gen/sources_1/bd/hdmi_out/ip/hdmi_out_clk_wiz_0_0/hdmi_out_clk_wiz_0_0.dcp' for cell 'hdmi_out_i/clk_wiz_0'
INFO: [Project 1-454] Reading design checkpoint 'c:/Users/Home/Documents/FPGASummerProject/Project/matrix_multiplier/matrix_multiplier.gen/sources_1/bd/hdmi_out/ip/hdmi_out_hdmi_code_0_0/hdmi_out_hdmi_code_0_0.dcp' for cell 'hdmi_out_i/hdmi_code_0'
INFO: [Project 1-454] Reading design checkpoint 'c:/Users/Home/Documents/FPGASummerProject/Project/matrix_multiplier/matrix_multiplier.gen/sources_1/bd/hdmi_out/ip/hdmi_out_rgb2dvi_0_0/hdmi_out_rgb2dvi_0_0.dcp' for cell 'hdmi_out_i/rgb2dvi_0'
INFO: [Project 1-454] Reading design checkpoint 'c:/Users/Home/Documents/FPGASummerProject/Project/matrix_multiplier/matrix_multiplier.gen/sources_1/bd/hdmi_out/ip/hdmi_out_v_tc_0_0/hdmi_out_v_tc_0_0.dcp' for cell 'hdmi_out_i/v_tc_0'
Netlist sorting complete. Time (s): cpu = 00:00:00 ; elapsed = 00:00:00.058 . Memory (MB): peak = 935.840 ; gain = 0.000
INFO: [Netlist 29-17] Analyzing 165 Unisim elements for replacement
INFO: [Netlist 29-28] Unisim Transformation completed in 0 CPU seconds
INFO: [Project 1-479] Netlist was created with Vivado 2023.2
INFO: [Project 1-570] Preparing netlist for logic optimization
INFO: [Opt 31-140] Inserted 1 IBUFs to IO ports without IO buffers.
WARNING: [Opt 31-35] Removing redundant IBUF, hdmi_out_i/clk_wiz_0/inst/clkin1_ibufg, from the path connected to top-level port: System_clock 
Resolution: The tool has removed redundant IBUF. To resolve this warning, check for redundant IBUF in the input design.
WARNING: [Constraints 18-550] Could not create 'IBUF_LOW_PWR' constraint because net 'hdmi_out_i/clk_wiz_0/clk_in1' is not directly connected to top level port. 'IBUF_LOW_PWR' is ignored for synthesis but preserved for implementation.
Parsing XDC File [c:/Users/Home/Documents/FPGASummerProject/Project/matrix_multiplier/matrix_multiplier.gen/sources_1/bd/hdmi_out/ip/hdmi_out_rgb2dvi_0_0/src/rgb2dvi.xdc] for cell 'hdmi_out_i/rgb2dvi_0/U0'
Finished Parsing XDC File [c:/Users/Home/Documents/FPGASummerProject/Project/matrix_multiplier/matrix_multiplier.gen/sources_1/bd/hdmi_out/ip/hdmi_out_rgb2dvi_0_0/src/rgb2dvi.xdc] for cell 'hdmi_out_i/rgb2dvi_0/U0'
Parsing XDC File [c:/Users/Home/Documents/FPGASummerProject/Project/matrix_multiplier/matrix_multiplier.gen/sources_1/bd/hdmi_out/ip/hdmi_out_clk_wiz_0_0/hdmi_out_clk_wiz_0_0_board.xdc] for cell 'hdmi_out_i/clk_wiz_0/inst'
Finished Parsing XDC File [c:/Users/Home/Documents/FPGASummerProject/Project/matrix_multiplier/matrix_multiplier.gen/sources_1/bd/hdmi_out/ip/hdmi_out_clk_wiz_0_0/hdmi_out_clk_wiz_0_0_board.xdc] for cell 'hdmi_out_i/clk_wiz_0/inst'
Parsing XDC File [c:/Users/Home/Documents/FPGASummerProject/Project/matrix_multiplier/matrix_multiplier.gen/sources_1/bd/hdmi_out/ip/hdmi_out_clk_wiz_0_0/hdmi_out_clk_wiz_0_0.xdc] for cell 'hdmi_out_i/clk_wiz_0/inst'
INFO: [Timing 38-35] Done setting XDC timing constraints. [c:/Users/Home/Documents/FPGASummerProject/Project/matrix_multiplier/matrix_multiplier.gen/sources_1/bd/hdmi_out/ip/hdmi_out_clk_wiz_0_0/hdmi_out_clk_wiz_0_0.xdc:54]
INFO: [Timing 38-2] Deriving generated clocks [c:/Users/Home/Documents/FPGASummerProject/Project/matrix_multiplier/matrix_multiplier.gen/sources_1/bd/hdmi_out/ip/hdmi_out_clk_wiz_0_0/hdmi_out_clk_wiz_0_0.xdc:54]
get_clocks: Time (s): cpu = 00:00:13 ; elapsed = 00:00:14 . Memory (MB): peak = 1637.488 ; gain = 578.668
Finished Parsing XDC File [c:/Users/Home/Documents/FPGASummerProject/Project/matrix_multiplier/matrix_multiplier.gen/sources_1/bd/hdmi_out/ip/hdmi_out_clk_wiz_0_0/hdmi_out_clk_wiz_0_0.xdc] for cell 'hdmi_out_i/clk_wiz_0/inst'
Parsing XDC File [C:/Users/Home/Documents/FPGASummerProject/Project/matrix_multiplier/matrix_multiplier.srcs/constrs_1/new/constraints.xdc]
WARNING: [Vivado 12-584] No ports matched 'clock'. [C:/Users/Home/Documents/FPGASummerProject/Project/matrix_multiplier/matrix_multiplier.srcs/constrs_1/new/constraints.xdc:2]
CRITICAL WARNING: [Common 17-55] 'set_property' expects at least one object. [C:/Users/Home/Documents/FPGASummerProject/Project/matrix_multiplier/matrix_multiplier.srcs/constrs_1/new/constraints.xdc:2]
Resolution: If [get_<value>] was used to populate the object, check to make sure this command returns at least one valid object.
WARNING: [Vivado 12-507] No nets matched 'clock_IBUF'. [C:/Users/Home/Documents/FPGASummerProject/Project/matrix_multiplier/matrix_multiplier.srcs/constrs_1/new/constraints.xdc:3]
CRITICAL WARNING: [Common 17-55] 'set_property' expects at least one object. [C:/Users/Home/Documents/FPGASummerProject/Project/matrix_multiplier/matrix_multiplier.srcs/constrs_1/new/constraints.xdc:3]
Resolution: If [get_<value>] was used to populate the object, check to make sure this command returns at least one valid object.
WARNING: [Vivado 12-584] No ports matched 'number[0]'. [C:/Users/Home/Documents/FPGASummerProject/Project/matrix_multiplier/matrix_multiplier.srcs/constrs_1/new/constraints.xdc:6]
CRITICAL WARNING: [Common 17-55] 'set_property' expects at least one object. [C:/Users/Home/Documents/FPGASummerProject/Project/matrix_multiplier/matrix_multiplier.srcs/constrs_1/new/constraints.xdc:6]
Resolution: If [get_<value>] was used to populate the object, check to make sure this command returns at least one valid object.
WARNING: [Vivado 12-584] No ports matched 'number[1]'. [C:/Users/Home/Documents/FPGASummerProject/Project/matrix_multiplier/matrix_multiplier.srcs/constrs_1/new/constraints.xdc:7]
CRITICAL WARNING: [Common 17-55] 'set_property' expects at least one object. [C:/Users/Home/Documents/FPGASummerProject/Project/matrix_multiplier/matrix_multiplier.srcs/constrs_1/new/constraints.xdc:7]
Resolution: If [get_<value>] was used to populate the object, check to make sure this command returns at least one valid object.
WARNING: [Vivado 12-584] No ports matched 'number[2]'. [C:/Users/Home/Documents/FPGASummerProject/Project/matrix_multiplier/matrix_multiplier.srcs/constrs_1/new/constraints.xdc:8]
CRITICAL WARNING: [Common 17-55] 'set_property' expects at least one object. [C:/Users/Home/Documents/FPGASummerProject/Project/matrix_multiplier/matrix_multiplier.srcs/constrs_1/new/constraints.xdc:8]
Resolution: If [get_<value>] was used to populate the object, check to make sure this command returns at least one valid object.
WARNING: [Vivado 12-584] No ports matched 'number[3]'. [C:/Users/Home/Documents/FPGASummerProject/Project/matrix_multiplier/matrix_multiplier.srcs/constrs_1/new/constraints.xdc:9]
CRITICAL WARNING: [Common 17-55] 'set_property' expects at least one object. [C:/Users/Home/Documents/FPGASummerProject/Project/matrix_multiplier/matrix_multiplier.srcs/constrs_1/new/constraints.xdc:9]
Resolution: If [get_<value>] was used to populate the object, check to make sure this command returns at least one valid object.
Finished Parsing XDC File [C:/Users/Home/Documents/FPGASummerProject/Project/matrix_multiplier/matrix_multiplier.srcs/constrs_1/new/constraints.xdc]
Parsing XDC File [C:/Users/Home/Documents/FPGASummerProject/Project/matrix_multiplier/matrix_multiplier.srcs/constrs_1/new/hdmi.xdc]
WARNING: [Vivado 12-584] No ports matched 'hdmi_hpd[0]'. [C:/Users/Home/Documents/FPGASummerProject/Project/matrix_multiplier/matrix_multiplier.srcs/constrs_1/new/hdmi.xdc:16]
CRITICAL WARNING: [Common 17-55] 'set_property' expects at least one object. [C:/Users/Home/Documents/FPGASummerProject/Project/matrix_multiplier/matrix_multiplier.srcs/constrs_1/new/hdmi.xdc:16]
Resolution: If [get_<value>] was used to populate the object, check to make sure this command returns at least one valid object.
CRITICAL WARNING: [Vivado 12-1411] Cannot set LOC property of ports, Terminal hdmi_out_data_p[0] cannot be placed on K17 (IOB_X1Y126) because the pad is already occupied by terminal System_clock possibly due to user constraint [C:/Users/Home/Documents/FPGASummerProject/Project/matrix_multiplier/matrix_multiplier.srcs/constrs_1/new/hdmi.xdc:23]
Finished Parsing XDC File [C:/Users/Home/Documents/FPGASummerProject/Project/matrix_multiplier/matrix_multiplier.srcs/constrs_1/new/hdmi.xdc]
Parsing XDC File [c:/Users/Home/Documents/FPGASummerProject/Project/matrix_multiplier/matrix_multiplier.gen/sources_1/bd/hdmi_out/ip/hdmi_out_rgb2dvi_0_0/src/rgb2dvi_clocks.xdc] for cell 'hdmi_out_i/rgb2dvi_0/U0'
Finished Parsing XDC File [c:/Users/Home/Documents/FPGASummerProject/Project/matrix_multiplier/matrix_multiplier.gen/sources_1/bd/hdmi_out/ip/hdmi_out_rgb2dvi_0_0/src/rgb2dvi_clocks.xdc] for cell 'hdmi_out_i/rgb2dvi_0/U0'
Parsing XDC File [c:/Users/Home/Documents/FPGASummerProject/Project/matrix_multiplier/matrix_multiplier.gen/sources_1/bd/hdmi_out/ip/hdmi_out_v_tc_0_0/hdmi_out_v_tc_0_0_clocks.xdc] for cell 'hdmi_out_i/v_tc_0/U0'
Finished Parsing XDC File [c:/Users/Home/Documents/FPGASummerProject/Project/matrix_multiplier/matrix_multiplier.gen/sources_1/bd/hdmi_out/ip/hdmi_out_v_tc_0_0/hdmi_out_v_tc_0_0_clocks.xdc] for cell 'hdmi_out_i/v_tc_0/U0'
INFO: [Project 1-1714] 1 XPM XDC files have been applied to the design.
INFO: [Opt 31-138] Pushed 0 inverter(s) to 0 load pin(s).
Netlist sorting complete. Time (s): cpu = 00:00:00 ; elapsed = 00:00:00.002 . Memory (MB): peak = 1637.488 ; gain = 0.000
INFO: [Project 1-111] Unisim Transformation Summary:
No Unisim elements were transformed.

The system cannot find the path specified.
18 Infos, 10 Warnings, 8 Critical Warnings and 0 Errors encountered.
link_design completed successfully
link_design: Time (s): cpu = 00:00:25 ; elapsed = 00:00:28 . Memory (MB): peak = 1637.488 ; gain = 1153.031
Command: opt_design
Attempting to get a license for feature 'Implementation' and/or device 'xc7z020'
INFO: [Common 17-349] Got license for feature 'Implementation' and/or device 'xc7z020'
Running DRC as a precondition to command opt_design

Starting DRC Task
INFO: [DRC 23-27] Running DRC with 2 threads
INFO: [Project 1-461] DRC finished with 0 Errors
INFO: [Project 1-462] Please refer to the DRC report (report_drc) for more information.

Time (s): cpu = 00:00:05 ; elapsed = 00:00:04 . Memory (MB): peak = 1637.488 ; gain = 0.000

Starting Cache Timing Information Task
INFO: [Timing 38-35] Done setting XDC timing constraints.
Ending Cache Timing Information Task | Checksum: 178ba95ed

Time (s): cpu = 00:00:00 ; elapsed = 00:00:00.225 . Memory (MB): peak = 1637.488 ; gain = 0.000

Starting Logic Optimization Task

Phase 1 Initialization

Phase 1.1 Core Generation And Design Setup
Phase 1.1 Core Generation And Design Setup | Checksum: 178ba95ed

Time (s): cpu = 00:00:00 ; elapsed = 00:00:00.004 . Memory (MB): peak = 1961.375 ; gain = 0.000

Phase 1.2 Setup Constraints And Sort Netlist
Phase 1.2 Setup Constraints And Sort Netlist | Checksum: 178ba95ed

Time (s): cpu = 00:00:00 ; elapsed = 00:00:00.010 . Memory (MB): peak = 1961.375 ; gain = 0.000
Phase 1 Initialization | Checksum: 178ba95ed

Time (s): cpu = 00:00:00 ; elapsed = 00:00:00.011 . Memory (MB): peak = 1961.375 ; gain = 0.000

Phase 2 Timer Update And Timing Data Collection

Phase 2.1 Timer Update
Phase 2.1 Timer Update | Checksum: 178ba95ed

Time (s): cpu = 00:00:00 ; elapsed = 00:00:00.120 . Memory (MB): peak = 1961.375 ; gain = 0.000

Phase 2.2 Timing Data Collection
Phase 2.2 Timing Data Collection | Checksum: 178ba95ed

Time (s): cpu = 00:00:00 ; elapsed = 00:00:00.135 . Memory (MB): peak = 1961.375 ; gain = 0.000
Phase 2 Timer Update And Timing Data Collection | Checksum: 178ba95ed

Time (s): cpu = 00:00:00 ; elapsed = 00:00:00.137 . Memory (MB): peak = 1961.375 ; gain = 0.000

Phase 3 Retarget
INFO: [Opt 31-1566] Pulled 3 inverters resulting in an inversion of 26 pins
INFO: [Opt 31-138] Pushed 1 inverter(s) to 1 load pin(s).
INFO: [Opt 31-49] Retargeted 0 cell(s).
Phase 3 Retarget | Checksum: 2160e83f5

Time (s): cpu = 00:00:00 ; elapsed = 00:00:00.520 . Memory (MB): peak = 1961.375 ; gain = 0.000
Retarget | Checksum: 2160e83f5
INFO: [Opt 31-389] Phase Retarget created 311 cells and removed 508 cells
INFO: [Opt 31-1021] In phase Retarget, 1 netlist objects are constrained preventing optimization. Please run opt_design with -debug_log to get more detail. 

Phase 4 Constant propagation
INFO: [Opt 31-138] Pushed 4 inverter(s) to 21 load pin(s).
Phase 4 Constant propagation | Checksum: 1acf98777

Time (s): cpu = 00:00:00 ; elapsed = 00:00:00.618 . Memory (MB): peak = 1961.375 ; gain = 0.000
Constant propagation | Checksum: 1acf98777
INFO: [Opt 31-389] Phase Constant propagation created 68 cells and removed 207 cells

Phase 5 Sweep
Phase 5 Sweep | Checksum: 14ccc8353

Time (s): cpu = 00:00:00 ; elapsed = 00:00:00.788 . Memory (MB): peak = 1961.375 ; gain = 0.000
Sweep | Checksum: 14ccc8353
INFO: [Opt 31-389] Phase Sweep created 0 cells and removed 193 cells

Phase 6 BUFG optimization
INFO: [Opt 31-194] Inserted BUFG hdmi_out_i/rgb2dvi_0/U0/ClockGenInternal.ClockGenX/PixelClk_BUFG_inst to drive 8 load(s) on clock net hdmi_out_i/rgb2dvi_0/U0/ClockGenInternal.ClockGenX/PixelClk_BUFG
INFO: [Opt 31-194] Inserted BUFG hdmi_out_i/rgb2dvi_0/U0/ClockGenInternal.ClockGenX/SerialClk_BUFG_inst to drive 8 load(s) on clock net hdmi_out_i/rgb2dvi_0/U0/ClockGenInternal.ClockGenX/SerialClk_BUFG
INFO: [Opt 31-193] Inserted 2 BUFG(s) on clock nets
Phase 6 BUFG optimization | Checksum: 1cf089753

Time (s): cpu = 00:00:01 ; elapsed = 00:00:00.868 . Memory (MB): peak = 1961.375 ; gain = 0.000
BUFG optimization | Checksum: 1cf089753
INFO: [Opt 31-662] Phase BUFG optimization created 2 cells of which 2 are BUFGs and removed 0 cells.

Phase 7 Shift Register Optimization
INFO: [Opt 31-1064] SRL Remap converted 0 SRLs to 0 registers and converted 0 registers of register chains to 0 SRLs
Phase 7 Shift Register Optimization | Checksum: 1cf089753

Time (s): cpu = 00:00:01 ; elapsed = 00:00:00.874 . Memory (MB): peak = 1961.375 ; gain = 0.000
Shift Register Optimization | Checksum: 1cf089753
INFO: [Opt 31-389] Phase Shift Register Optimization created 0 cells and removed 0 cells

Phase 8 Post Processing Netlist
Phase 8 Post Processing Netlist | Checksum: 1cf089753

Time (s): cpu = 00:00:01 ; elapsed = 00:00:00.886 . Memory (MB): peak = 1961.375 ; gain = 0.000
Post Processing Netlist | Checksum: 1cf089753
INFO: [Opt 31-389] Phase Post Processing Netlist created 0 cells and removed 0 cells

Phase 9 Finalization

Phase 9.1 Finalizing Design Cores and Updating Shapes
Phase 9.1 Finalizing Design Cores and Updating Shapes | Checksum: 16b10b31e

Time (s): cpu = 00:00:01 ; elapsed = 00:00:01 . Memory (MB): peak = 1961.375 ; gain = 0.000

Phase 9.2 Verifying Netlist Connectivity

Starting Connectivity Check Task

Time (s): cpu = 00:00:00 ; elapsed = 00:00:00.007 . Memory (MB): peak = 1961.375 ; gain = 0.000
Phase 9.2 Verifying Netlist Connectivity | Checksum: 16b10b31e

Time (s): cpu = 00:00:01 ; elapsed = 00:00:01 . Memory (MB): peak = 1961.375 ; gain = 0.000
Phase 9 Finalization | Checksum: 16b10b31e

Time (s): cpu = 00:00:01 ; elapsed = 00:00:01 . Memory (MB): peak = 1961.375 ; gain = 0.000
Opt_design Change Summary
=========================


-------------------------------------------------------------------------------------------------------------------------
|  Phase                        |  #Cells created  |  #Cells Removed  |  #Constrained objects preventing optimizations  |
-------------------------------------------------------------------------------------------------------------------------
|  Retarget                     |             311  |             508  |                                              1  |
|  Constant propagation         |              68  |             207  |                                              0  |
|  Sweep                        |               0  |             193  |                                              0  |
|  BUFG optimization            |               2  |               0  |                                              0  |
|  Shift Register Optimization  |               0  |               0  |                                              0  |
|  Post Processing Netlist      |               0  |               0  |                                              0  |
-------------------------------------------------------------------------------------------------------------------------


Ending Logic Optimization Task | Checksum: 16b10b31e

Time (s): cpu = 00:00:01 ; elapsed = 00:00:01 . Memory (MB): peak = 1961.375 ; gain = 0.000
INFO: [Constraints 18-11670] Building netlist checker database with flags, 0x8
Done building netlist checker database: Time (s): cpu = 00:00:00 ; elapsed = 00:00:00.001 . Memory (MB): peak = 1961.375 ; gain = 0.000

Starting Power Optimization Task
INFO: [Pwropt 34-132] Skipping clock gating for clocks with a period < 2.00 ns.
Ending Power Optimization Task | Checksum: 16b10b31e

Time (s): cpu = 00:00:00 ; elapsed = 00:00:00.023 . Memory (MB): peak = 1961.375 ; gain = 0.000

Starting Final Cleanup Task
Ending Final Cleanup Task | Checksum: 16b10b31e

Time (s): cpu = 00:00:00 ; elapsed = 00:00:00.001 . Memory (MB): peak = 1961.375 ; gain = 0.000

Starting Netlist Obfuscation Task
Netlist sorting complete. Time (s): cpu = 00:00:00 ; elapsed = 00:00:00.001 . Memory (MB): peak = 1961.375 ; gain = 0.000
Ending Netlist Obfuscation Task | Checksum: 16b10b31e

Time (s): cpu = 00:00:00 ; elapsed = 00:00:00.002 . Memory (MB): peak = 1961.375 ; gain = 0.000
INFO: [Common 17-83] Releasing license: Implementation
41 Infos, 10 Warnings, 8 Critical Warnings and 0 Errors encountered.
opt_design completed successfully
opt_design: Time (s): cpu = 00:00:12 ; elapsed = 00:00:12 . Memory (MB): peak = 1961.375 ; gain = 323.887
INFO: [runtcl-4] Executing : report_drc -file hdmi_out_wrapper_drc_opted.rpt -pb hdmi_out_wrapper_drc_opted.pb -rpx hdmi_out_wrapper_drc_opted.rpx
Command: report_drc -file hdmi_out_wrapper_drc_opted.rpt -pb hdmi_out_wrapper_drc_opted.pb -rpx hdmi_out_wrapper_drc_opted.rpx
INFO: [IP_Flow 19-1839] IP Catalog is up to date.
INFO: [DRC 23-27] Running DRC with 2 threads
INFO: [Vivado_Tcl 2-168] The results of DRC are in file C:/Users/Home/Documents/FPGASummerProject/Project/matrix_multiplier/matrix_multiplier.runs/impl_1/hdmi_out_wrapper_drc_opted.rpt.
report_drc completed successfully
INFO: [Timing 38-35] Done setting XDC timing constraints.
INFO: [Timing 38-480] Writing timing data to binary archive.
Write ShapeDB Complete: Time (s): cpu = 00:00:00 ; elapsed = 00:00:00.016 . Memory (MB): peak = 1962.723 ; gain = 0.000
Wrote PlaceDB: Time (s): cpu = 00:00:00 ; elapsed = 00:00:00.006 . Memory (MB): peak = 1962.723 ; gain = 0.000
Wrote PulsedLatchDB: Time (s): cpu = 00:00:00 ; elapsed = 00:00:00 . Memory (MB): peak = 1973.832 ; gain = 0.000
Writing XDEF routing.
Writing XDEF routing logical nets.
Writing XDEF routing special nets.
Wrote RouteStorage: Time (s): cpu = 00:00:00 ; elapsed = 00:00:00.069 . Memory (MB): peak = 1973.832 ; gain = 0.000
Wrote Netlist Cache: Time (s): cpu = 00:00:00 ; elapsed = 00:00:00 . Memory (MB): peak = 1973.832 ; gain = 0.000
Wrote Device Cache: Time (s): cpu = 00:00:00 ; elapsed = 00:00:00.025 . Memory (MB): peak = 1973.832 ; gain = 0.000
Write Physdb Complete: Time (s): cpu = 00:00:00 ; elapsed = 00:00:00.156 . Memory (MB): peak = 1973.832 ; gain = 11.109
INFO: [Common 17-1381] The checkpoint 'C:/Users/Home/Documents/FPGASummerProject/Project/matrix_multiplier/matrix_multiplier.runs/impl_1/hdmi_out_wrapper_opt.dcp' has been generated.
Command: place_design
Attempting to get a license for feature 'Implementation' and/or device 'xc7z020'
INFO: [Common 17-349] Got license for feature 'Implementation' and/or device 'xc7z020'
INFO: [Common 17-83] Releasing license: Implementation
INFO: [DRC 23-27] Running DRC with 2 threads
INFO: [Vivado_Tcl 4-198] DRC finished with 0 Errors
INFO: [Vivado_Tcl 4-199] Please refer to the DRC report (report_drc) for more information.
Running DRC as a precondition to command place_design
INFO: [DRC 23-27] Running DRC with 2 threads
INFO: [Vivado_Tcl 4-198] DRC finished with 0 Errors
INFO: [Vivado_Tcl 4-199] Please refer to the DRC report (report_drc) for more information.
INFO: [Place 30-611] Multithreading enabled for place_design using a maximum of 2 CPUs

Starting Placer Task

Phase 1 Placer Initialization

Phase 1.1 Placer Initialization Netlist Sorting
Netlist sorting complete. Time (s): cpu = 00:00:00 ; elapsed = 00:00:00.001 . Memory (MB): peak = 1977.930 ; gain = 0.000
Phase 1.1 Placer Initialization Netlist Sorting | Checksum: 140f31ba8

Time (s): cpu = 00:00:00 ; elapsed = 00:00:00.008 . Memory (MB): peak = 1977.930 ; gain = 0.000
Netlist sorting complete. Time (s): cpu = 00:00:00 ; elapsed = 00:00:00.001 . Memory (MB): peak = 1977.930 ; gain = 0.000

Phase 1.2 IO Placement/ Clock Placement/ Build Placer Device
Phase 1.2 IO Placement/ Clock Placement/ Build Placer Device | Checksum: e7edeba3

Time (s): cpu = 00:00:00 ; elapsed = 00:00:00.335 . Memory (MB): peak = 1977.930 ; gain = 0.000

Phase 1.3 Build Placer Netlist Model
Phase 1.3 Build Placer Netlist Model | Checksum: 1bd3cc1c1

Time (s): cpu = 00:00:01 ; elapsed = 00:00:01 . Memory (MB): peak = 1986.070 ; gain = 8.141

Phase 1.4 Constrain Clocks/Macros
Phase 1.4 Constrain Clocks/Macros | Checksum: 1bd3cc1c1

Time (s): cpu = 00:00:01 ; elapsed = 00:00:01 . Memory (MB): peak = 1986.070 ; gain = 8.141
Phase 1 Placer Initialization | Checksum: 1bd3cc1c1

Time (s): cpu = 00:00:01 ; elapsed = 00:00:01 . Memory (MB): peak = 1986.070 ; gain = 8.141

Phase 2 Global Placement

Phase 2.1 Floorplanning
Phase 2.1 Floorplanning | Checksum: 175e51c99

Time (s): cpu = 00:00:02 ; elapsed = 00:00:02 . Memory (MB): peak = 1986.070 ; gain = 8.141

Phase 2.2 Update Timing before SLR Path Opt
Phase 2.2 Update Timing before SLR Path Opt | Checksum: 148a75263

Time (s): cpu = 00:00:02 ; elapsed = 00:00:02 . Memory (MB): peak = 1986.070 ; gain = 8.141

Phase 2.3 Post-Processing in Floorplanning
Phase 2.3 Post-Processing in Floorplanning | Checksum: 148a75263

Time (s): cpu = 00:00:02 ; elapsed = 00:00:02 . Memory (MB): peak = 1986.070 ; gain = 8.141

Phase 2.4 Global Placement Core

Phase 2.4.1 UpdateTiming Before Physical Synthesis
Phase 2.4.1 UpdateTiming Before Physical Synthesis | Checksum: 1bb0554e1

Time (s): cpu = 00:00:13 ; elapsed = 00:00:11 . Memory (MB): peak = 1986.070 ; gain = 8.141

Phase 2.4.2 Physical Synthesis In Placer
INFO: [Physopt 32-1035] Found 0 LUTNM shape to break, 32 LUT instances to create LUTNM shape
INFO: [Physopt 32-1044] Break lutnm for timing: one critical 0, two critical 0, total 0, new lutff created 0
INFO: [Physopt 32-1138] End 1 Pass. Optimized 15 nets or LUTs. Breaked 0 LUT, combined 15 existing LUTs and moved 0 existing LUT
INFO: [Physopt 32-65] No nets found for high-fanout optimization.
INFO: [Physopt 32-232] Optimized 0 net. Created 0 new instance.
INFO: [Physopt 32-775] End 1 Pass. Optimized 0 net or cell. Created 0 new cell, deleted 0 existing cell and moved 0 existing cell
INFO: [Physopt 32-456] No candidate cells for DSP register optimization found in the design.
INFO: [Physopt 32-775] End 2 Pass. Optimized 0 net or cell. Created 0 new cell, deleted 0 existing cell and moved 0 existing cell
INFO: [Physopt 32-1123] No candidate cells found for Shift Register to Pipeline optimization
INFO: [Physopt 32-775] End 2 Pass. Optimized 0 net or cell. Created 0 new cell, deleted 0 existing cell and moved 0 existing cell
INFO: [Physopt 32-1401] No candidate cells found for Shift Register optimization.
INFO: [Physopt 32-677] No candidate cells for Shift Register optimization found in the design
INFO: [Physopt 32-775] End 1 Pass. Optimized 0 net or cell. Created 0 new cell, deleted 0 existing cell and moved 0 existing cell
INFO: [Physopt 32-526] No candidate cells for BRAM register optimization found in the design
INFO: [Physopt 32-775] End 1 Pass. Optimized 0 net or cell. Created 0 new cell, deleted 0 existing cell and moved 0 existing cell
INFO: [Physopt 32-846] No candidate cells for URAM register optimization found in the design
INFO: [Physopt 32-775] End 1 Pass. Optimized 0 net or cell. Created 0 new cell, deleted 0 existing cell and moved 0 existing cell
INFO: [Physopt 32-846] No candidate cells for URAM register optimization found in the design
INFO: [Physopt 32-775] End 1 Pass. Optimized 0 net or cell. Created 0 new cell, deleted 0 existing cell and moved 0 existing cell
INFO: [Physopt 32-949] No candidate nets found for dynamic/static region interface net replication
INFO: [Physopt 32-775] End 1 Pass. Optimized 0 net or cell. Created 0 new cell, deleted 0 existing cell and moved 0 existing cell
Netlist sorting complete. Time (s): cpu = 00:00:00 ; elapsed = 00:00:00.002 . Memory (MB): peak = 1986.070 ; gain = 0.000

Summary of Physical Synthesis Optimizations
============================================


-----------------------------------------------------------------------------------------------------------------------------------------------------------
|  Optimization                                     |  Added Cells  |  Removed Cells  |  Optimized Cells/Nets  |  Dont Touch  |  Iterations  |  Elapsed   |
-----------------------------------------------------------------------------------------------------------------------------------------------------------
|  LUT Combining                                    |            0  |             15  |                    15  |           0  |           1  |  00:00:00  |
|  Retime                                           |            0  |              0  |                     0  |           0  |           1  |  00:00:00  |
|  Very High Fanout                                 |            0  |              0  |                     0  |           0  |           1  |  00:00:00  |
|  DSP Register                                     |            0  |              0  |                     0  |           0  |           1  |  00:00:00  |
|  Shift Register to Pipeline                       |            0  |              0  |                     0  |           0  |           1  |  00:00:00  |
|  Shift Register                                   |            0  |              0  |                     0  |           0  |           1  |  00:00:00  |
|  BRAM Register                                    |            0  |              0  |                     0  |           0  |           1  |  00:00:00  |
|  URAM Register                                    |            0  |              0  |                     0  |           0  |           1  |  00:00:00  |
|  Dynamic/Static Region Interface Net Replication  |            0  |              0  |                     0  |           0  |           1  |  00:00:00  |
|  Total                                            |            0  |             15  |                    15  |           0  |           9  |  00:00:00  |
-----------------------------------------------------------------------------------------------------------------------------------------------------------


Phase 2.4.2 Physical Synthesis In Placer | Checksum: 14e66cc40

Time (s): cpu = 00:00:13 ; elapsed = 00:00:12 . Memory (MB): peak = 1986.070 ; gain = 8.141
Phase 2.4 Global Placement Core | Checksum: df013f36

Time (s): cpu = 00:00:14 ; elapsed = 00:00:12 . Memory (MB): peak = 1986.070 ; gain = 8.141
Phase 2 Global Placement | Checksum: df013f36

Time (s): cpu = 00:00:14 ; elapsed = 00:00:12 . Memory (MB): peak = 1986.070 ; gain = 8.141

Phase 3 Detail Placement

Phase 3.1 Commit Multi Column Macros
Phase 3.1 Commit Multi Column Macros | Checksum: 105b31cfc

Time (s): cpu = 00:00:14 ; elapsed = 00:00:13 . Memory (MB): peak = 1986.070 ; gain = 8.141

Phase 3.2 Commit Most Macros & LUTRAMs
Phase 3.2 Commit Most Macros & LUTRAMs | Checksum: 11211cf7c

Time (s): cpu = 00:00:15 ; elapsed = 00:00:13 . Memory (MB): peak = 1986.070 ; gain = 8.141

Phase 3.3 Area Swap Optimization
Phase 3.3 Area Swap Optimization | Checksum: ff427c90

Time (s): cpu = 00:00:15 ; elapsed = 00:00:13 . Memory (MB): peak = 1986.070 ; gain = 8.141

Phase 3.4 Pipeline Register Optimization
Phase 3.4 Pipeline Register Optimization | Checksum: fc95af76

Time (s): cpu = 00:00:15 ; elapsed = 00:00:13 . Memory (MB): peak = 1986.070 ; gain = 8.141

Phase 3.5 Fast Optimization
Phase 3.5 Fast Optimization | Checksum: 13f530a19

Time (s): cpu = 00:00:17 ; elapsed = 00:00:15 . Memory (MB): peak = 1986.070 ; gain = 8.141

Phase 3.6 Small Shape Detail Placement
Phase 3.6 Small Shape Detail Placement | Checksum: c787e96e

Time (s): cpu = 00:00:18 ; elapsed = 00:00:16 . Memory (MB): peak = 1986.070 ; gain = 8.141

Phase 3.7 Re-assign LUT pins
Phase 3.7 Re-assign LUT pins | Checksum: a40c2036

Time (s): cpu = 00:00:18 ; elapsed = 00:00:16 . Memory (MB): peak = 1986.070 ; gain = 8.141

Phase 3.8 Pipeline Register Optimization
Phase 3.8 Pipeline Register Optimization | Checksum: a679315c

Time (s): cpu = 00:00:18 ; elapsed = 00:00:16 . Memory (MB): peak = 1986.070 ; gain = 8.141

Phase 3.9 Fast Optimization
Phase 3.9 Fast Optimization | Checksum: 190d07032

Time (s): cpu = 00:00:20 ; elapsed = 00:00:19 . Memory (MB): peak = 1986.070 ; gain = 8.141
Phase 3 Detail Placement | Checksum: 190d07032

Time (s): cpu = 00:00:20 ; elapsed = 00:00:19 . Memory (MB): peak = 1986.070 ; gain = 8.141

Phase 4 Post Placement Optimization and Clean-Up

Phase 4.1 Post Commit Optimization
INFO: [Timing 38-35] Done setting XDC timing constraints.

Phase 4.1.1 Post Placement Optimization
Post Placement Optimization Initialization | Checksum: 1dde76865

Phase 4.1.1.1 BUFG Insertion

Starting Physical Synthesis Task

Phase 1 Physical Synthesis Initialization
INFO: [Physopt 32-721] Multithreading enabled for phys_opt_design using a maximum of 2 CPUs
INFO: [Physopt 32-619] Estimated Timing Summary | WNS=-9.031 | TNS=-240.090 |
Phase 1 Physical Synthesis Initialization | Checksum: 1bccda945

Time (s): cpu = 00:00:00 ; elapsed = 00:00:00.240 . Memory (MB): peak = 2004.578 ; gain = 0.000
INFO: [Place 46-56] BUFG insertion identified 0 candidate nets. Inserted BUFG: 0, Replicated BUFG Driver: 0, Skipped due to Placement/Routing Conflicts: 0, Skipped due to Timing Degradation: 0, Skipped due to netlist editing failed: 0.
Ending Physical Synthesis Task | Checksum: 1bccda945

Time (s): cpu = 00:00:00 ; elapsed = 00:00:00.287 . Memory (MB): peak = 2004.578 ; gain = 0.000
Phase 4.1.1.1 BUFG Insertion | Checksum: 1dde76865

Time (s): cpu = 00:00:22 ; elapsed = 00:00:20 . Memory (MB): peak = 2004.578 ; gain = 26.648

Phase 4.1.1.2 Post Placement Timing Optimization
INFO: [Place 30-746] Post Placement Timing Summary WNS=-8.826. For the most accurate timing information please run report_timing.
Phase 4.1.1.2 Post Placement Timing Optimization | Checksum: 2429fdfe9

Time (s): cpu = 00:00:43 ; elapsed = 00:00:50 . Memory (MB): peak = 2004.578 ; gain = 26.648

Time (s): cpu = 00:00:43 ; elapsed = 00:00:50 . Memory (MB): peak = 2004.578 ; gain = 26.648
Phase 4.1 Post Commit Optimization | Checksum: 2429fdfe9

Time (s): cpu = 00:00:43 ; elapsed = 00:00:50 . Memory (MB): peak = 2004.578 ; gain = 26.648

Phase 4.2 Post Placement Cleanup
Phase 4.2 Post Placement Cleanup | Checksum: 2429fdfe9

Time (s): cpu = 00:00:43 ; elapsed = 00:00:50 . Memory (MB): peak = 2004.578 ; gain = 26.648

Phase 4.3 Placer Reporting

Phase 4.3.1 Print Estimated Congestion
INFO: [Place 30-612] Post-Placement Estimated Congestion 
 ____________________________________________________
|           | Global Congestion | Short Congestion  |
| Direction | Region Size       | Region Size       |
|___________|___________________|___________________|
|      North|                1x1|                1x1|
|___________|___________________|___________________|
|      South|                1x1|                2x2|
|___________|___________________|___________________|
|       East|                1x1|                1x1|
|___________|___________________|___________________|
|       West|                1x1|                1x1|
|___________|___________________|___________________|

Phase 4.3.1 Print Estimated Congestion | Checksum: 2429fdfe9

Time (s): cpu = 00:00:43 ; elapsed = 00:00:50 . Memory (MB): peak = 2004.578 ; gain = 26.648
Phase 4.3 Placer Reporting | Checksum: 2429fdfe9

Time (s): cpu = 00:00:43 ; elapsed = 00:00:50 . Memory (MB): peak = 2004.578 ; gain = 26.648

Phase 4.4 Final Placement Cleanup
Netlist sorting complete. Time (s): cpu = 00:00:00 ; elapsed = 00:00:00.002 . Memory (MB): peak = 2004.578 ; gain = 0.000

Time (s): cpu = 00:00:43 ; elapsed = 00:00:50 . Memory (MB): peak = 2004.578 ; gain = 26.648
Phase 4 Post Placement Optimization and Clean-Up | Checksum: 23477bb21

Time (s): cpu = 00:00:43 ; elapsed = 00:00:50 . Memory (MB): peak = 2004.578 ; gain = 26.648
Ending Placer Task | Checksum: 1824adc8b

Time (s): cpu = 00:00:43 ; elapsed = 00:00:50 . Memory (MB): peak = 2004.578 ; gain = 26.648
84 Infos, 10 Warnings, 8 Critical Warnings and 0 Errors encountered.
place_design completed successfully
place_design: Time (s): cpu = 00:00:48 ; elapsed = 00:00:53 . Memory (MB): peak = 2004.578 ; gain = 30.746
INFO: [runtcl-4] Executing : report_io -file hdmi_out_wrapper_io_placed.rpt
report_io: Time (s): cpu = 00:00:00 ; elapsed = 00:00:00.300 . Memory (MB): peak = 2004.578 ; gain = 0.000
INFO: [runtcl-4] Executing : report_utilization -file hdmi_out_wrapper_utilization_placed.rpt -pb hdmi_out_wrapper_utilization_placed.pb
INFO: [runtcl-4] Executing : report_control_sets -verbose -file hdmi_out_wrapper_control_sets_placed.rpt
report_control_sets: Time (s): cpu = 00:00:00 ; elapsed = 00:00:00.037 . Memory (MB): peak = 2004.578 ; gain = 0.000
INFO: [Timing 38-480] Writing timing data to binary archive.
Write ShapeDB Complete: Time (s): cpu = 00:00:00 ; elapsed = 00:00:00.028 . Memory (MB): peak = 2005.098 ; gain = 0.008
Wrote PlaceDB: Time (s): cpu = 00:00:01 ; elapsed = 00:00:00.448 . Memory (MB): peak = 2014.137 ; gain = 9.047
Wrote PulsedLatchDB: Time (s): cpu = 00:00:00 ; elapsed = 00:00:00 . Memory (MB): peak = 2014.137 ; gain = 0.000
Writing XDEF routing.
Writing XDEF routing logical nets.
Writing XDEF routing special nets.
Wrote RouteStorage: Time (s): cpu = 00:00:00 ; elapsed = 00:00:00.076 . Memory (MB): peak = 2014.137 ; gain = 0.000
Wrote Netlist Cache: Time (s): cpu = 00:00:00 ; elapsed = 00:00:00.010 . Memory (MB): peak = 2014.137 ; gain = 0.000
Wrote Device Cache: Time (s): cpu = 00:00:00 ; elapsed = 00:00:00.036 . Memory (MB): peak = 2014.137 ; gain = 0.000
Write Physdb Complete: Time (s): cpu = 00:00:01 ; elapsed = 00:00:00.615 . Memory (MB): peak = 2014.137 ; gain = 9.047
INFO: [Common 17-1381] The checkpoint 'C:/Users/Home/Documents/FPGASummerProject/Project/matrix_multiplier/matrix_multiplier.runs/impl_1/hdmi_out_wrapper_placed.dcp' has been generated.
Command: phys_opt_design
Attempting to get a license for feature 'Implementation' and/or device 'xc7z020'
INFO: [Common 17-349] Got license for feature 'Implementation' and/or device 'xc7z020'

Starting Initial Update Timing Task

Time (s): cpu = 00:00:01 ; elapsed = 00:00:00.823 . Memory (MB): peak = 2019.660 ; gain = 5.523
INFO: [Vivado_Tcl 4-1435] PhysOpt_Tcl_Interface Runtime Before Starting Physical Synthesis Task | CPU: 1.00s |  WALL: 0.89s
Netlist sorting complete. Time (s): cpu = 00:00:00 ; elapsed = 00:00:00.002 . Memory (MB): peak = 2019.660 ; gain = 0.000

Starting Physical Synthesis Task

Phase 1 Physical Synthesis Initialization
INFO: [Physopt 32-721] Multithreading enabled for phys_opt_design using a maximum of 2 CPUs
INFO: [Physopt 32-619] Estimated Timing Summary | WNS=-8.826 | TNS=-235.642 |
Phase 1 Physical Synthesis Initialization | Checksum: 171a40fe5

Time (s): cpu = 00:00:01 ; elapsed = 00:00:00.499 . Memory (MB): peak = 2019.660 ; gain = 0.000
INFO: [Physopt 32-619] Estimated Timing Summary | WNS=-8.826 | TNS=-235.642 |

Phase 2 DSP Register Optimization
INFO: [Physopt 32-456] No candidate cells for DSP register optimization found in the design.
INFO: [Physopt 32-775] End 2 Pass. Optimized 0 net or cell. Created 0 new cell, deleted 0 existing cell and moved 0 existing cell
Phase 2 DSP Register Optimization | Checksum: 171a40fe5

Time (s): cpu = 00:00:01 ; elapsed = 00:00:00.529 . Memory (MB): peak = 2019.660 ; gain = 0.000

Phase 3 Critical Path Optimization
INFO: [Physopt 32-619] Estimated Timing Summary | WNS=-8.826 | TNS=-235.642 |
INFO: [Physopt 32-663] Processed net hdmi_out_i/rgb2dvi_0/U0/DataEncoders[2].DataEncoder/p_2_in.  Re-placed instance hdmi_out_i/rgb2dvi_0/U0/DataEncoders[2].DataEncoder/pDataOut_1_reg[3]
INFO: [Physopt 32-735] Processed net hdmi_out_i/rgb2dvi_0/U0/DataEncoders[2].DataEncoder/p_2_in. Optimization improves timing on the net.
INFO: [Physopt 32-619] Estimated Timing Summary | WNS=-8.820 | TNS=-235.615 |
INFO: [Physopt 32-663] Processed net hdmi_out_i/rgb2dvi_0/U0/DataEncoders[1].DataEncoder/p_2_in.  Re-placed instance hdmi_out_i/rgb2dvi_0/U0/DataEncoders[1].DataEncoder/pDataOut_1_reg[3]
INFO: [Physopt 32-735] Processed net hdmi_out_i/rgb2dvi_0/U0/DataEncoders[1].DataEncoder/p_2_in. Optimization improves timing on the net.
INFO: [Physopt 32-619] Estimated Timing Summary | WNS=-8.800 | TNS=-235.595 |
INFO: [Physopt 32-702] Processed net hdmi_out_i/rgb2dvi_0/U0/DataEncoders[1].DataEncoder/n1d_1_reg_n_0_[3]. Optimizations did not improve timing on the net.
INFO: [Physopt 32-663] Processed net hdmi_out_i/hdmi_code_0/inst/y_coordinate_reg[4].  Re-placed instance hdmi_out_i/hdmi_code_0/inst/y_coordinate_reg[4]
INFO: [Physopt 32-735] Processed net hdmi_out_i/hdmi_code_0/inst/y_coordinate_reg[4]. Optimization improves timing on the net.
INFO: [Physopt 32-619] Estimated Timing Summary | WNS=-8.796 | TNS=-235.487 |
INFO: [Physopt 32-663] Processed net hdmi_out_i/hdmi_code_0/inst/x_coordinate_reg[9].  Re-placed instance hdmi_out_i/hdmi_code_0/inst/x_coordinate_reg[9]
INFO: [Physopt 32-735] Processed net hdmi_out_i/hdmi_code_0/inst/x_coordinate_reg[9]. Optimization improves timing on the net.
INFO: [Physopt 32-619] Estimated Timing Summary | WNS=-8.749 | TNS=-234.218 |
INFO: [Physopt 32-702] Processed net hdmi_out_i/hdmi_code_0/inst/x_coordinate_reg[5]. Optimizations did not improve timing on the net.
INFO: [Physopt 32-702] Processed net hdmi_out_i/hdmi_code_0/inst/vid_out[0]_INST_0_i_1_n_0. Optimizations did not improve timing on the net.
INFO: [Physopt 32-702] Processed net hdmi_out_i/hdmi_code_0/inst/vid_out[0]_INST_0_i_5_n_0. Optimizations did not improve timing on the net.
INFO: [Physopt 32-702] Processed net hdmi_out_i/hdmi_code_0/inst/vid_out[0]. Optimizations did not improve timing on the net.
INFO: [Physopt 32-702] Processed net System_clock. Optimizations did not improve timing on the net.
INFO: [Physopt 32-702] Processed net hdmi_out_i/rgb2dvi_0/U0/DataEncoders[1].DataEncoder/n1d_1_reg_n_0_[3]. Optimizations did not improve timing on the net.
INFO: [Physopt 32-702] Processed net hdmi_out_i/hdmi_code_0/inst/x_coordinate_reg[5]. Optimizations did not improve timing on the net.
INFO: [Physopt 32-702] Processed net hdmi_out_i/hdmi_code_0/inst/vid_out[0]_INST_0_i_1_n_0. Optimizations did not improve timing on the net.
INFO: [Physopt 32-702] Processed net hdmi_out_i/hdmi_code_0/inst/vid_out[0]_INST_0_i_5_n_0. Optimizations did not improve timing on the net.
INFO: [Physopt 32-702] Processed net hdmi_out_i/hdmi_code_0/inst/vid_out[0]. Optimizations did not improve timing on the net.
INFO: [Physopt 32-702] Processed net System_clock. Optimizations did not improve timing on the net.
INFO: [Physopt 32-619] Estimated Timing Summary | WNS=-8.749 | TNS=-234.218 |
Netlist sorting complete. Time (s): cpu = 00:00:00 ; elapsed = 00:00:00.003 . Memory (MB): peak = 2028.699 ; gain = 0.000
Phase 3 Critical Path Optimization | Checksum: 171a40fe5

Time (s): cpu = 00:00:04 ; elapsed = 00:00:03 . Memory (MB): peak = 2028.699 ; gain = 9.039

Phase 4 Critical Path Optimization
INFO: [Physopt 32-619] Estimated Timing Summary | WNS=-8.749 | TNS=-234.218 |
INFO: [Physopt 32-702] Processed net hdmi_out_i/rgb2dvi_0/U0/DataEncoders[1].DataEncoder/n1d_1_reg_n_0_[3]. Optimizations did not improve timing on the net.
INFO: [Physopt 32-702] Processed net hdmi_out_i/hdmi_code_0/inst/x_coordinate_reg[5]. Optimizations did not improve timing on the net.
INFO: [Physopt 32-702] Processed net hdmi_out_i/hdmi_code_0/inst/vid_out[0]_INST_0_i_1_n_0. Optimizations did not improve timing on the net.
INFO: [Physopt 32-702] Processed net hdmi_out_i/hdmi_code_0/inst/vid_out[0]_INST_0_i_5_n_0. Optimizations did not improve timing on the net.
INFO: [Physopt 32-702] Processed net hdmi_out_i/hdmi_code_0/inst/vid_out[0]. Optimizations did not improve timing on the net.
INFO: [Physopt 32-702] Processed net System_clock. Optimizations did not improve timing on the net.
INFO: [Physopt 32-702] Processed net hdmi_out_i/rgb2dvi_0/U0/DataEncoders[1].DataEncoder/n1d_1_reg_n_0_[3]. Optimizations did not improve timing on the net.
INFO: [Physopt 32-702] Processed net hdmi_out_i/hdmi_code_0/inst/x_coordinate_reg[5]. Optimizations did not improve timing on the net.
INFO: [Physopt 32-702] Processed net hdmi_out_i/hdmi_code_0/inst/vid_out[0]_INST_0_i_1_n_0. Optimizations did not improve timing on the net.
INFO: [Physopt 32-702] Processed net hdmi_out_i/hdmi_code_0/inst/vid_out[0]_INST_0_i_5_n_0. Optimizations did not improve timing on the net.
INFO: [Physopt 32-702] Processed net hdmi_out_i/hdmi_code_0/inst/vid_out[0]. Optimizations did not improve timing on the net.
INFO: [Physopt 32-702] Processed net System_clock. Optimizations did not improve timing on the net.
INFO: [Physopt 32-619] Estimated Timing Summary | WNS=-8.749 | TNS=-234.218 |
Netlist sorting complete. Time (s): cpu = 00:00:00 ; elapsed = 00:00:00.005 . Memory (MB): peak = 2028.699 ; gain = 0.000
Phase 4 Critical Path Optimization | Checksum: 171a40fe5

Time (s): cpu = 00:00:07 ; elapsed = 00:00:05 . Memory (MB): peak = 2028.699 ; gain = 9.039
Netlist sorting complete. Time (s): cpu = 00:00:00 ; elapsed = 00:00:00.002 . Memory (MB): peak = 2028.699 ; gain = 0.000
INFO: [Physopt 32-603] Post Physical Optimization Timing Summary | WNS=-8.749 | TNS=-234.218 |

Summary of Physical Synthesis Optimizations
============================================


-------------------------------------------------------------------------------------------------------------------------------------------------------------
|  Optimization   |  WNS Gain (ns)  |  TNS Gain (ns)  |  Added Cells  |  Removed Cells  |  Optimized Cells/Nets  |  Dont Touch  |  Iterations  |  Elapsed   |
-------------------------------------------------------------------------------------------------------------------------------------------------------------
|  DSP Register   |          0.000  |          0.000  |            0  |              0  |                     0  |           0  |           1  |  00:00:00  |
|  Critical Path  |          0.077  |          1.424  |            0  |              0  |                     4  |           0  |           2  |  00:00:04  |
|  Total          |          0.077  |          1.424  |            0  |              0  |                     4  |           0  |           3  |  00:00:04  |
-------------------------------------------------------------------------------------------------------------------------------------------------------------


Netlist sorting complete. Time (s): cpu = 00:00:00 ; elapsed = 00:00:00.002 . Memory (MB): peak = 2028.699 ; gain = 0.000
Ending Physical Synthesis Task | Checksum: df16a99f

Time (s): cpu = 00:00:07 ; elapsed = 00:00:05 . Memory (MB): peak = 2028.699 ; gain = 9.039
INFO: [Common 17-83] Releasing license: Implementation
138 Infos, 10 Warnings, 8 Critical Warnings and 0 Errors encountered.
phys_opt_design completed successfully
phys_opt_design: Time (s): cpu = 00:00:08 ; elapsed = 00:00:06 . Memory (MB): peak = 2028.699 ; gain = 14.562
INFO: [Timing 38-480] Writing timing data to binary archive.
Write ShapeDB Complete: Time (s): cpu = 00:00:00 ; elapsed = 00:00:00.020 . Memory (MB): peak = 2037.547 ; gain = 0.000
Wrote PlaceDB: Time (s): cpu = 00:00:01 ; elapsed = 00:00:01 . Memory (MB): peak = 2047.840 ; gain = 10.293
Wrote PulsedLatchDB: Time (s): cpu = 00:00:00 ; elapsed = 00:00:00 . Memory (MB): peak = 2047.840 ; gain = 0.000
Writing XDEF routing.
Writing XDEF routing logical nets.
Writing XDEF routing special nets.
Wrote RouteStorage: Time (s): cpu = 00:00:00 ; elapsed = 00:00:00.165 . Memory (MB): peak = 2047.840 ; gain = 0.000
Wrote Netlist Cache: Time (s): cpu = 00:00:00 ; elapsed = 00:00:00.012 . Memory (MB): peak = 2047.840 ; gain = 0.000
Wrote Device Cache: Time (s): cpu = 00:00:00 ; elapsed = 00:00:00.100 . Memory (MB): peak = 2047.840 ; gain = 0.000
Write Physdb Complete: Time (s): cpu = 00:00:01 ; elapsed = 00:00:02 . Memory (MB): peak = 2047.840 ; gain = 10.293
INFO: [Common 17-1381] The checkpoint 'C:/Users/Home/Documents/FPGASummerProject/Project/matrix_multiplier/matrix_multiplier.runs/impl_1/hdmi_out_wrapper_physopt.dcp' has been generated.
Command: route_design
Attempting to get a license for feature 'Implementation' and/or device 'xc7z020'
INFO: [Common 17-349] Got license for feature 'Implementation' and/or device 'xc7z020'
Running DRC as a precondition to command route_design
INFO: [DRC 23-27] Running DRC with 2 threads
INFO: [Vivado_Tcl 4-198] DRC finished with 0 Errors
INFO: [Vivado_Tcl 4-199] Please refer to the DRC report (report_drc) for more information.


Starting Routing Task
INFO: [Route 35-254] Multithreading enabled for route_design using a maximum of 8 CPUs

Phase 1 Build RT Design
Checksum: PlaceDB: 733dd152 ConstDB: 0 ShapeSum: 41bb40d7 RouteDB: 0
Post Restoration Checksum: NetGraph: 2399d65e | NumContArr: 39a121f8 | Constraints: c2a8fa9d | Timing: c2a8fa9d
Phase 1 Build RT Design | Checksum: 1e28ced90

Time (s): cpu = 00:01:02 ; elapsed = 00:01:09 . Memory (MB): peak = 2157.016 ; gain = 108.410

Phase 2 Router Initialization

Phase 2.1 Fix Topology Constraints
Phase 2.1 Fix Topology Constraints | Checksum: 1e28ced90

Time (s): cpu = 00:01:02 ; elapsed = 00:01:09 . Memory (MB): peak = 2157.016 ; gain = 108.410

Phase 2.2 Pre Route Cleanup
Phase 2.2 Pre Route Cleanup | Checksum: 1e28ced90

Time (s): cpu = 00:01:02 ; elapsed = 00:01:09 . Memory (MB): peak = 2157.016 ; gain = 108.410
 Number of Nodes with overlaps = 0

Phase 2.3 Update Timing
Phase 2.3 Update Timing | Checksum: 3297a5cf8

Time (s): cpu = 00:01:04 ; elapsed = 00:01:11 . Memory (MB): peak = 2220.375 ; gain = 171.770
INFO: [Route 35-416] Intermediate Timing Summary | WNS=-8.630 | TNS=-230.999| WHS=-2.325 | THS=-158.524|


Router Utilization Summary
  Global Vertical Routing Utilization    = 0.000673087 %
  Global Horizontal Routing Utilization  = 0.00228195 %
  Routable Net Status*
  *Does not include unroutable nets such as driverless and loadless.
  Run report_route_status for detailed report.
  Number of Failed Nets               = 1310
    (Failed Nets is the sum of unrouted and partially routed nets)
  Number of Unrouted Nets             = 1310
  Number of Partially Routed Nets     = 0
  Number of Node Overlaps             = 0

Phase 2 Router Initialization | Checksum: 34e6021be

Time (s): cpu = 00:01:06 ; elapsed = 00:01:11 . Memory (MB): peak = 2231.406 ; gain = 182.801

Phase 3 Initial Routing

Phase 3.1 Global Routing
Phase 3.1 Global Routing | Checksum: 34e6021be

Time (s): cpu = 00:01:06 ; elapsed = 00:01:11 . Memory (MB): peak = 2231.406 ; gain = 182.801

Phase 3.2 Initial Net Routing
Phase 3.2 Initial Net Routing | Checksum: 299e5f181

Time (s): cpu = 00:01:08 ; elapsed = 00:01:13 . Memory (MB): peak = 2231.406 ; gain = 182.801
Phase 3 Initial Routing | Checksum: 299e5f181

Time (s): cpu = 00:01:08 ; elapsed = 00:01:13 . Memory (MB): peak = 2231.406 ; gain = 182.801
INFO: [Route 35-580] Design has 44 pins with tight setup and hold constraints.

The top 5 pins with tight setup and hold constraints:

+===============================+===============================+===================================================+
| Launch Setup Clock            | Launch Hold Clock             | Pin                                               |
+===============================+===============================+===================================================+
| clk_out1_hdmi_out_clk_wiz_0_0 | clk_out1_hdmi_out_clk_wiz_0_0 | hdmi_out_i/hdmi_code_0/inst/y_coordinate_reg[9]/R |
| clk_out1_hdmi_out_clk_wiz_0_0 | clk_out1_hdmi_out_clk_wiz_0_0 | hdmi_out_i/hdmi_code_0/inst/y_coordinate_reg[8]/R |
| clk_out1_hdmi_out_clk_wiz_0_0 | clk_out1_hdmi_out_clk_wiz_0_0 | hdmi_out_i/hdmi_code_0/inst/y_coordinate_reg[1]/R |
| clk_out1_hdmi_out_clk_wiz_0_0 | clk_out1_hdmi_out_clk_wiz_0_0 | hdmi_out_i/hdmi_code_0/inst/y_coordinate_reg[2]/R |
| clk_out1_hdmi_out_clk_wiz_0_0 | clk_out1_hdmi_out_clk_wiz_0_0 | hdmi_out_i/hdmi_code_0/inst/y_coordinate_reg[4]/R |
+-------------------------------+-------------------------------+---------------------------------------------------+

File with complete list of pins: tight_setup_hold_pins.txt


Phase 4 Rip-up And Reroute

Phase 4.1 Global Iteration 0
 Number of Nodes with overlaps = 165
 Number of Nodes with overlaps = 17
 Number of Nodes with overlaps = 7
 Number of Nodes with overlaps = 4
 Number of Nodes with overlaps = 2
 Number of Nodes with overlaps = 1
 Number of Nodes with overlaps = 0
INFO: [Route 35-416] Intermediate Timing Summary | WNS=-9.129 | TNS=-300.192| WHS=N/A    | THS=N/A    |

Phase 4.1 Global Iteration 0 | Checksum: 23a385e93

Time (s): cpu = 00:01:14 ; elapsed = 00:01:18 . Memory (MB): peak = 2231.406 ; gain = 182.801

Phase 4.2 Global Iteration 1
 Number of Nodes with overlaps = 16
 Number of Nodes with overlaps = 3
 Number of Nodes with overlaps = 0
INFO: [Route 35-416] Intermediate Timing Summary | WNS=-9.566 | TNS=-311.941| WHS=N/A    | THS=N/A    |

Phase 4.2 Global Iteration 1 | Checksum: 2b608d61e

Time (s): cpu = 00:01:15 ; elapsed = 00:01:19 . Memory (MB): peak = 2231.406 ; gain = 182.801
Phase 4 Rip-up And Reroute | Checksum: 2b608d61e

Time (s): cpu = 00:01:15 ; elapsed = 00:01:19 . Memory (MB): peak = 2231.406 ; gain = 182.801

Phase 5 Delay and Skew Optimization

Phase 5.1 Delay CleanUp

Phase 5.1.1 Update Timing
Phase 5.1.1 Update Timing | Checksum: 2c8b5e049

Time (s): cpu = 00:01:15 ; elapsed = 00:01:19 . Memory (MB): peak = 2231.406 ; gain = 182.801
INFO: [Route 35-416] Intermediate Timing Summary | WNS=-9.129 | TNS=-300.192| WHS=N/A    | THS=N/A    |

 Number of Nodes with overlaps = 0
Phase 5.1 Delay CleanUp | Checksum: 2bc3265e0

Time (s): cpu = 00:01:15 ; elapsed = 00:01:19 . Memory (MB): peak = 2231.406 ; gain = 182.801

Phase 5.2 Clock Skew Optimization
Phase 5.2 Clock Skew Optimization | Checksum: 2bc3265e0

Time (s): cpu = 00:01:15 ; elapsed = 00:01:19 . Memory (MB): peak = 2231.406 ; gain = 182.801
Phase 5 Delay and Skew Optimization | Checksum: 2bc3265e0

Time (s): cpu = 00:01:15 ; elapsed = 00:01:19 . Memory (MB): peak = 2231.406 ; gain = 182.801

Phase 6 Post Hold Fix

Phase 6.1 Hold Fix Iter

Phase 6.1.1 Update Timing
Phase 6.1.1 Update Timing | Checksum: 290edbc09

Time (s): cpu = 00:01:16 ; elapsed = 00:01:19 . Memory (MB): peak = 2231.406 ; gain = 182.801
INFO: [Route 35-416] Intermediate Timing Summary | WNS=-9.129 | TNS=-303.136| WHS=-1.485 | THS=-54.584|

Phase 6.1 Hold Fix Iter | Checksum: 22532cfcb

Time (s): cpu = 00:01:16 ; elapsed = 00:01:19 . Memory (MB): peak = 2231.406 ; gain = 182.801

Phase 6.2 Non Free Resource Hold Fix Iter
Phase 6.2 Non Free Resource Hold Fix Iter | Checksum: 24a795fc4

Time (s): cpu = 00:01:16 ; elapsed = 00:01:19 . Memory (MB): peak = 2231.406 ; gain = 182.801
WARNING: [Route 35-468] The router encountered 17 pins that are both setup-critical and hold-critical and tried to fix hold violations at the expense of setup slack. Such pins are:
	hdmi_out_i/hdmi_code_0/inst/y_coordinate_reg[0]/CE
	hdmi_out_i/hdmi_code_0/inst/y_coordinate_reg[1]/CE
	hdmi_out_i/hdmi_code_0/inst/y_coordinate_reg[3]/CE
	hdmi_out_i/hdmi_code_0/inst/y_coordinate_reg[8]/CE
	hdmi_out_i/hdmi_code_0/inst/y_coordinate_reg[0]/R
	hdmi_out_i/hdmi_code_0/inst/y_coordinate_reg[1]/R
	hdmi_out_i/hdmi_code_0/inst/y_coordinate_reg[3]/R
	hdmi_out_i/hdmi_code_0/inst/y_coordinate_reg[8]/R
	hdmi_out_i/hdmi_code_0/inst/x_coordinate_reg[0]/CE
	hdmi_out_i/hdmi_code_0/inst/x_coordinate_reg[11]/CE
	.. and 7 more pins.

Phase 6 Post Hold Fix | Checksum: 24a795fc4

Time (s): cpu = 00:01:16 ; elapsed = 00:01:19 . Memory (MB): peak = 2231.406 ; gain = 182.801

Phase 7 Route finalize

Router Utilization Summary
  Global Vertical Routing Utilization    = 0.372217 %
  Global Horizontal Routing Utilization  = 0.420301 %
  Routable Net Status*
  *Does not include unroutable nets such as driverless and loadless.
  Run report_route_status for detailed report.
  Number of Failed Nets               = 0
    (Failed Nets is the sum of unrouted and partially routed nets)
  Number of Unrouted Nets             = 0
  Number of Partially Routed Nets     = 0
  Number of Node Overlaps             = 0


--GLOBAL Congestion:
Utilization threshold used for congestion level computation: 0.85
Congestion Report
North Dir 1x1 Area, Max Cong = 43.2432%, No Congested Regions.
South Dir 1x1 Area, Max Cong = 40.5405%, No Congested Regions.
East Dir 1x1 Area, Max Cong = 38.2353%, No Congested Regions.
West Dir 1x1 Area, Max Cong = 42.6471%, No Congested Regions.

------------------------------
Reporting congestion hotspots
------------------------------
Direction: North
----------------
Congested clusters found at Level 0
Effective congestion level: 0 Aspect Ratio: 1 Sparse Ratio: 0
Direction: South
----------------
Congested clusters found at Level 0
Effective congestion level: 0 Aspect Ratio: 1 Sparse Ratio: 0
Direction: East
----------------
Congested clusters found at Level 0
Effective congestion level: 0 Aspect Ratio: 1 Sparse Ratio: 0
Direction: West
----------------
Congested clusters found at Level 0
Effective congestion level: 0 Aspect Ratio: 1 Sparse Ratio: 0

Phase 7 Route finalize | Checksum: 24a795fc4

Time (s): cpu = 00:01:16 ; elapsed = 00:01:20 . Memory (MB): peak = 2231.406 ; gain = 182.801

Phase 8 Verifying routed nets

 Verification completed successfully
Phase 8 Verifying routed nets | Checksum: 24a795fc4

Time (s): cpu = 00:01:16 ; elapsed = 00:01:20 . Memory (MB): peak = 2231.406 ; gain = 182.801

Phase 9 Depositing Routes
Phase 9 Depositing Routes | Checksum: 162e86949

Time (s): cpu = 00:01:16 ; elapsed = 00:01:20 . Memory (MB): peak = 2231.406 ; gain = 182.801

Phase 10 Post Router Timing

Phase 10.1 Update Timing
Phase 10.1 Update Timing | Checksum: 15d3c93d8

Time (s): cpu = 00:01:17 ; elapsed = 00:01:20 . Memory (MB): peak = 2231.406 ; gain = 182.801
INFO: [Route 35-57] Estimated Timing Summary | WNS=-9.129 | TNS=-408.903| WHS=0.107  | THS=0.000  |

WARNING: [Route 35-328] Router estimated timing not met.
Resolution: For a complete and accurate timing signoff, report_timing_summary must be run after route_design. Alternatively, route_design can be run with the -timing_summary option to enable a complete timing signoff at the end of route_design.
Phase 10 Post Router Timing | Checksum: 15d3c93d8

Time (s): cpu = 00:01:17 ; elapsed = 00:01:20 . Memory (MB): peak = 2231.406 ; gain = 182.801
INFO: [Route 35-16] Router Completed Successfully

Phase 11 Post-Route Event Processing
Phase 11 Post-Route Event Processing | Checksum: 12d9a2335

Time (s): cpu = 00:01:17 ; elapsed = 00:01:20 . Memory (MB): peak = 2231.406 ; gain = 182.801
Ending Routing Task | Checksum: 12d9a2335

Time (s): cpu = 00:01:17 ; elapsed = 00:01:20 . Memory (MB): peak = 2231.406 ; gain = 182.801

Routing Is Done.
INFO: [Common 17-83] Releasing license: Implementation
154 Infos, 12 Warnings, 8 Critical Warnings and 0 Errors encountered.
route_design completed successfully
route_design: Time (s): cpu = 00:01:21 ; elapsed = 00:01:23 . Memory (MB): peak = 2231.406 ; gain = 183.566
INFO: [runtcl-4] Executing : report_drc -file hdmi_out_wrapper_drc_routed.rpt -pb hdmi_out_wrapper_drc_routed.pb -rpx hdmi_out_wrapper_drc_routed.rpx
Command: report_drc -file hdmi_out_wrapper_drc_routed.rpt -pb hdmi_out_wrapper_drc_routed.pb -rpx hdmi_out_wrapper_drc_routed.rpx
INFO: [IP_Flow 19-1839] IP Catalog is up to date.
INFO: [DRC 23-27] Running DRC with 2 threads
INFO: [Vivado_Tcl 2-168] The results of DRC are in file C:/Users/Home/Documents/FPGASummerProject/Project/matrix_multiplier/matrix_multiplier.runs/impl_1/hdmi_out_wrapper_drc_routed.rpt.
report_drc completed successfully
INFO: [runtcl-4] Executing : report_methodology -file hdmi_out_wrapper_methodology_drc_routed.rpt -pb hdmi_out_wrapper_methodology_drc_routed.pb -rpx hdmi_out_wrapper_methodology_drc_routed.rpx
Command: report_methodology -file hdmi_out_wrapper_methodology_drc_routed.rpt -pb hdmi_out_wrapper_methodology_drc_routed.pb -rpx hdmi_out_wrapper_methodology_drc_routed.rpx
INFO: [Timing 38-35] Done setting XDC timing constraints.
INFO: [DRC 23-133] Running Methodology with 2 threads
INFO: [Vivado_Tcl 2-1520] The results of Report Methodology are in file C:/Users/Home/Documents/FPGASummerProject/Project/matrix_multiplier/matrix_multiplier.runs/impl_1/hdmi_out_wrapper_methodology_drc_routed.rpt.
report_methodology completed successfully
INFO: [runtcl-4] Executing : report_power -file hdmi_out_wrapper_power_routed.rpt -pb hdmi_out_wrapper_power_summary_routed.pb -rpx hdmi_out_wrapper_power_routed.rpx
Command: report_power -file hdmi_out_wrapper_power_routed.rpt -pb hdmi_out_wrapper_power_summary_routed.pb -rpx hdmi_out_wrapper_power_routed.rpx
INFO: [Timing 38-35] Done setting XDC timing constraints.
Running Vector-less Activity Propagation...

Finished Running Vector-less Activity Propagation
164 Infos, 12 Warnings, 8 Critical Warnings and 0 Errors encountered.
report_power completed successfully
INFO: [runtcl-4] Executing : report_route_status -file hdmi_out_wrapper_route_status.rpt -pb hdmi_out_wrapper_route_status.pb
INFO: [runtcl-4] Executing : report_timing_summary -max_paths 10 -report_unconstrained -file hdmi_out_wrapper_timing_summary_routed.rpt -pb hdmi_out_wrapper_timing_summary_routed.pb -rpx hdmi_out_wrapper_timing_summary_routed.rpx -warn_on_violation 
INFO: [Timing 38-91] UpdateTimingParams: Speed grade: -1, Delay Type: min_max.
INFO: [Timing 38-191] Multithreading enabled for timing update using a maximum of 2 CPUs
CRITICAL WARNING: [Timing 38-282] The design failed to meet the timing requirements. Please see the timing summary report for details on the timing violations.
INFO: [runtcl-4] Executing : report_incremental_reuse -file hdmi_out_wrapper_incremental_reuse_routed.rpt
INFO: [Vivado_Tcl 4-1062] Incremental flow is disabled. No incremental reuse Info to report.
INFO: [runtcl-4] Executing : report_clock_utilization -file hdmi_out_wrapper_clock_utilization_routed.rpt
INFO: [runtcl-4] Executing : report_bus_skew -warn_on_violation -file hdmi_out_wrapper_bus_skew_routed.rpt -pb hdmi_out_wrapper_bus_skew_routed.pb -rpx hdmi_out_wrapper_bus_skew_routed.rpx
INFO: [Timing 38-91] UpdateTimingParams: Speed grade: -1, Delay Type: min_max.
INFO: [Timing 38-191] Multithreading enabled for timing update using a maximum of 2 CPUs
INFO: [Timing 38-480] Writing timing data to binary archive.
Write ShapeDB Complete: Time (s): cpu = 00:00:00 ; elapsed = 00:00:00.013 . Memory (MB): peak = 2231.406 ; gain = 0.000
Wrote PlaceDB: Time (s): cpu = 00:00:01 ; elapsed = 00:00:00.707 . Memory (MB): peak = 2231.406 ; gain = 0.000
Wrote PulsedLatchDB: Time (s): cpu = 00:00:00 ; elapsed = 00:00:00 . Memory (MB): peak = 2231.406 ; gain = 0.000
Writing XDEF routing.
Writing XDEF routing logical nets.
Writing XDEF routing special nets.
Wrote RouteStorage: Time (s): cpu = 00:00:00 ; elapsed = 00:00:00.156 . Memory (MB): peak = 2231.406 ; gain = 0.000
Wrote Netlist Cache: Time (s): cpu = 00:00:00 ; elapsed = 00:00:00.098 . Memory (MB): peak = 2231.406 ; gain = 0.000
Wrote Device Cache: Time (s): cpu = 00:00:00 ; elapsed = 00:00:00.041 . Memory (MB): peak = 2231.406 ; gain = 0.000
Write Physdb Complete: Time (s): cpu = 00:00:01 ; elapsed = 00:00:01 . Memory (MB): peak = 2231.406 ; gain = 0.000
INFO: [Common 17-1381] The checkpoint 'C:/Users/Home/Documents/FPGASummerProject/Project/matrix_multiplier/matrix_multiplier.runs/impl_1/hdmi_out_wrapper_routed.dcp' has been generated.
INFO: [Common 17-206] Exiting Vivado at Thu Jul 16 12:02:36 2026...
