#-----------------------------------------------------------
# Vivado v2023.2 (64-bit)
# SW Build 4029153 on Fri Oct 13 20:14:34 MDT 2023
# IP Build 4028589 on Sat Oct 14 00:45:43 MDT 2023
# SharedData Build 4025554 on Tue Oct 10 17:18:54 MDT 2023
# Start of session at: Mon Jun 22 11:58:51 2026
# Process ID: 19512
# Current directory: C:/Users/Home/Documents/FPGASummerProject/Project/matrix_multiplier/matrix_multiplier.runs/impl_1
# Command line: vivado.exe -log matrix_multiplier.vdi -applog -product Vivado -messageDb vivado.pb -mode batch -source matrix_multiplier.tcl -notrace
# Log file: C:/Users/Home/Documents/FPGASummerProject/Project/matrix_multiplier/matrix_multiplier.runs/impl_1/matrix_multiplier.vdi
# Journal file: C:/Users/Home/Documents/FPGASummerProject/Project/matrix_multiplier/matrix_multiplier.runs/impl_1\vivado.jou
# Running On: DESKTOP-LRI6JJ9, OS: Windows, CPU Frequency: 2295 MHz, CPU Physical cores: 2, Host memory: 8472 MB
#-----------------------------------------------------------
source matrix_multiplier.tcl -notrace
