
*** Running vivado
    with args -log hdmi_out_top_0_0.vds -m64 -product Vivado -mode batch -messageDb vivado.pb -notrace -source hdmi_out_top_0_0.tcl


ECHO is off.
ECHO is off.

****** Vivado v2023.2 (64-bit)
  **** SW Build 4029153 on Fri Oct 13 20:14:34 MDT 2023
  **** IP Build 4028589 on Sat Oct 14 00:45:43 MDT 2023
  **** SharedData Build 4025554 on Tue Oct 10 17:18:54 MDT 2023
    ** Copyright 1986-2022 Xilinx, Inc. All Rights Reserved.
    ** Copyright 2022-2023 Advanced Micro Devices, Inc. All Rights Reserved.

source hdmi_out_top_0_0.tcl -notrace
create_project: Time (s): cpu = 00:00:14 ; elapsed = 00:00:16 . Memory (MB): peak = 460.090 ; gain = 182.762
INFO: [IP_Flow 19-234] Refreshing IP repositories
INFO: [IP_Flow 19-1700] Loaded user IP repository 'c:/Users/Home/Documents/FPGASummerProject/HDMI_Github/vivado-library-master (1)/vivado-library-master'.
INFO: [IP_Flow 19-2313] Loaded Vivado IP repository 'C:/Users/Home/vivado/Vivado/2023.2/data/ip'.
WARNING: [IP_Flow 19-4995] The host OS only allows 260 characters in a normal path. The IP cache path is more than 80 characters. If you experience issues with IP caching, please consider changing the IP cache to a location with a shorter path. Alternately consider using the OS subst command to map part of the path to a drive letter. 
Current IP cache path is c:/Users/Home/Documents/FPGASummerProject/Project/matrix_multiplier/matrix_multiplier.cache/ip 
INFO: [IP_Flow 19-6924] IPCACHE: Running cache check for IP inst: hdmi_out_top_0_0
Command: synth_design -top hdmi_out_top_0_0 -part xc7z020clg400-1 -incremental_mode off -mode out_of_context
Starting synth_design
Attempting to get a license for feature 'Synthesis' and/or device 'xc7z020'
INFO: [Common 17-349] Got license for feature 'Synthesis' and/or device 'xc7z020'
INFO: [Device 21-403] Loading part xc7z020clg400-1
INFO: [Synth 8-7079] Multithreading enabled for synth_design using a maximum of 2 processes.
INFO: [Synth 8-7078] Launching helper process for spawning children vivado processes
WARNING: [Common 17-1361] You have specified a new message control rule that is equivalent to an existing rule with attributes ' -id {17-179}  -suppress '. The existing rule will be replaced.
INFO: [Synth 8-7075] Helper process launched with PID 20564
---------------------------------------------------------------------------------
Starting RTL Elaboration : Time (s): cpu = 00:00:14 ; elapsed = 00:00:16 . Memory (MB): peak = 1344.281 ; gain = 439.125
---------------------------------------------------------------------------------
INFO: [Synth 8-6157] synthesizing module 'hdmi_out_top_0_0' [c:/Users/Home/Documents/FPGASummerProject/Project/matrix_multiplier/matrix_multiplier.gen/sources_1/bd/hdmi_out/ip/hdmi_out_top_0_0/synth/hdmi_out_top_0_0.v:53]
INFO: [Synth 8-6157] synthesizing module 'top' [C:/Users/Home/Documents/FPGASummerProject/Project/matrix_multiplier/matrix_multiplier.srcs/sources_1/new/top.v:21]
INFO: [Synth 8-6157] synthesizing module 'input_numbers' [C:/Users/Home/Documents/FPGASummerProject/Project/matrix_multiplier/matrix_multiplier.srcs/sources_1/new/input_numbers.v:22]
INFO: [Synth 8-6155] done synthesizing module 'input_numbers' (0#1) [C:/Users/Home/Documents/FPGASummerProject/Project/matrix_multiplier/matrix_multiplier.srcs/sources_1/new/input_numbers.v:22]
INFO: [Synth 8-6157] synthesizing module 'MatrixMultiplierCode' [C:/Users/Home/Documents/FPGASummerProject/Project/matrix_multiplier/matrix_multiplier.srcs/sources_1/new/MatrixMultiplierCode.v:22]
INFO: [Synth 8-6155] done synthesizing module 'MatrixMultiplierCode' (0#1) [C:/Users/Home/Documents/FPGASummerProject/Project/matrix_multiplier/matrix_multiplier.srcs/sources_1/new/MatrixMultiplierCode.v:22]
INFO: [Synth 8-6157] synthesizing module 'double_dabble' [C:/Users/Home/Documents/FPGASummerProject/Project/matrix_multiplier/matrix_multiplier.srcs/sources_1/new/double_dabble.v:22]
INFO: [Synth 8-6155] done synthesizing module 'double_dabble' (0#1) [C:/Users/Home/Documents/FPGASummerProject/Project/matrix_multiplier/matrix_multiplier.srcs/sources_1/new/double_dabble.v:22]
INFO: [Synth 8-6157] synthesizing module 'hdmi_code' [C:/Users/Home/Documents/FPGASummerProject/Project/matrix_multiplier/matrix_multiplier.srcs/sources_1/new/hdmi_code.v:22]
INFO: [Synth 8-6155] done synthesizing module 'hdmi_code' (0#1) [C:/Users/Home/Documents/FPGASummerProject/Project/matrix_multiplier/matrix_multiplier.srcs/sources_1/new/hdmi_code.v:22]
INFO: [Synth 8-6155] done synthesizing module 'top' (0#1) [C:/Users/Home/Documents/FPGASummerProject/Project/matrix_multiplier/matrix_multiplier.srcs/sources_1/new/top.v:21]
INFO: [Synth 8-6155] done synthesizing module 'hdmi_out_top_0_0' (0#1) [c:/Users/Home/Documents/FPGASummerProject/Project/matrix_multiplier/matrix_multiplier.gen/sources_1/bd/hdmi_out/ip/hdmi_out_top_0_0/synth/hdmi_out_top_0_0.v:53]
WARNING: [Synth 8-7129] Port hsync in module hdmi_code is either unconnected or has no load
WARNING: [Synth 8-7129] Port a12_1_display[11] in module hdmi_code is either unconnected or has no load
WARNING: [Synth 8-7129] Port a12_1_display[10] in module hdmi_code is either unconnected or has no load
WARNING: [Synth 8-7129] Port a12_1_display[9] in module hdmi_code is either unconnected or has no load
WARNING: [Synth 8-7129] Port a12_1_display[8] in module hdmi_code is either unconnected or has no load
WARNING: [Synth 8-7129] Port a12_1_display[7] in module hdmi_code is either unconnected or has no load
WARNING: [Synth 8-7129] Port a12_1_display[6] in module hdmi_code is either unconnected or has no load
WARNING: [Synth 8-7129] Port a12_1_display[5] in module hdmi_code is either unconnected or has no load
WARNING: [Synth 8-7129] Port a12_1_display[4] in module hdmi_code is either unconnected or has no load
WARNING: [Synth 8-7129] Port a12_1_display[3] in module hdmi_code is either unconnected or has no load
WARNING: [Synth 8-7129] Port a12_1_display[2] in module hdmi_code is either unconnected or has no load
WARNING: [Synth 8-7129] Port a12_1_display[1] in module hdmi_code is either unconnected or has no load
WARNING: [Synth 8-7129] Port a12_1_display[0] in module hdmi_code is either unconnected or has no load
WARNING: [Synth 8-7129] Port a21_1_display[11] in module hdmi_code is either unconnected or has no load
WARNING: [Synth 8-7129] Port a21_1_display[10] in module hdmi_code is either unconnected or has no load
WARNING: [Synth 8-7129] Port a21_1_display[9] in module hdmi_code is either unconnected or has no load
WARNING: [Synth 8-7129] Port a21_1_display[8] in module hdmi_code is either unconnected or has no load
WARNING: [Synth 8-7129] Port a21_1_display[7] in module hdmi_code is either unconnected or has no load
WARNING: [Synth 8-7129] Port a21_1_display[6] in module hdmi_code is either unconnected or has no load
WARNING: [Synth 8-7129] Port a21_1_display[5] in module hdmi_code is either unconnected or has no load
WARNING: [Synth 8-7129] Port a21_1_display[4] in module hdmi_code is either unconnected or has no load
WARNING: [Synth 8-7129] Port a21_1_display[3] in module hdmi_code is either unconnected or has no load
WARNING: [Synth 8-7129] Port a21_1_display[2] in module hdmi_code is either unconnected or has no load
WARNING: [Synth 8-7129] Port a21_1_display[1] in module hdmi_code is either unconnected or has no load
WARNING: [Synth 8-7129] Port a21_1_display[0] in module hdmi_code is either unconnected or has no load
WARNING: [Synth 8-7129] Port a22_1_display[11] in module hdmi_code is either unconnected or has no load
WARNING: [Synth 8-7129] Port a22_1_display[10] in module hdmi_code is either unconnected or has no load
WARNING: [Synth 8-7129] Port a22_1_display[9] in module hdmi_code is either unconnected or has no load
WARNING: [Synth 8-7129] Port a22_1_display[8] in module hdmi_code is either unconnected or has no load
WARNING: [Synth 8-7129] Port a22_1_display[7] in module hdmi_code is either unconnected or has no load
WARNING: [Synth 8-7129] Port a22_1_display[6] in module hdmi_code is either unconnected or has no load
WARNING: [Synth 8-7129] Port a22_1_display[5] in module hdmi_code is either unconnected or has no load
WARNING: [Synth 8-7129] Port a22_1_display[4] in module hdmi_code is either unconnected or has no load
WARNING: [Synth 8-7129] Port a22_1_display[3] in module hdmi_code is either unconnected or has no load
WARNING: [Synth 8-7129] Port a22_1_display[2] in module hdmi_code is either unconnected or has no load
WARNING: [Synth 8-7129] Port a22_1_display[1] in module hdmi_code is either unconnected or has no load
WARNING: [Synth 8-7129] Port a22_1_display[0] in module hdmi_code is either unconnected or has no load
WARNING: [Synth 8-7129] Port a11_2_display[11] in module hdmi_code is either unconnected or has no load
WARNING: [Synth 8-7129] Port a11_2_display[10] in module hdmi_code is either unconnected or has no load
WARNING: [Synth 8-7129] Port a11_2_display[9] in module hdmi_code is either unconnected or has no load
WARNING: [Synth 8-7129] Port a11_2_display[8] in module hdmi_code is either unconnected or has no load
WARNING: [Synth 8-7129] Port a11_2_display[7] in module hdmi_code is either unconnected or has no load
WARNING: [Synth 8-7129] Port a11_2_display[6] in module hdmi_code is either unconnected or has no load
WARNING: [Synth 8-7129] Port a11_2_display[5] in module hdmi_code is either unconnected or has no load
WARNING: [Synth 8-7129] Port a11_2_display[4] in module hdmi_code is either unconnected or has no load
WARNING: [Synth 8-7129] Port a11_2_display[3] in module hdmi_code is either unconnected or has no load
WARNING: [Synth 8-7129] Port a11_2_display[2] in module hdmi_code is either unconnected or has no load
WARNING: [Synth 8-7129] Port a11_2_display[1] in module hdmi_code is either unconnected or has no load
WARNING: [Synth 8-7129] Port a11_2_display[0] in module hdmi_code is either unconnected or has no load
WARNING: [Synth 8-7129] Port a12_2_display[11] in module hdmi_code is either unconnected or has no load
WARNING: [Synth 8-7129] Port a12_2_display[10] in module hdmi_code is either unconnected or has no load
WARNING: [Synth 8-7129] Port a12_2_display[9] in module hdmi_code is either unconnected or has no load
WARNING: [Synth 8-7129] Port a12_2_display[8] in module hdmi_code is either unconnected or has no load
WARNING: [Synth 8-7129] Port a12_2_display[7] in module hdmi_code is either unconnected or has no load
WARNING: [Synth 8-7129] Port a12_2_display[6] in module hdmi_code is either unconnected or has no load
WARNING: [Synth 8-7129] Port a12_2_display[5] in module hdmi_code is either unconnected or has no load
WARNING: [Synth 8-7129] Port a12_2_display[4] in module hdmi_code is either unconnected or has no load
WARNING: [Synth 8-7129] Port a12_2_display[3] in module hdmi_code is either unconnected or has no load
WARNING: [Synth 8-7129] Port a12_2_display[2] in module hdmi_code is either unconnected or has no load
WARNING: [Synth 8-7129] Port a12_2_display[1] in module hdmi_code is either unconnected or has no load
WARNING: [Synth 8-7129] Port a12_2_display[0] in module hdmi_code is either unconnected or has no load
WARNING: [Synth 8-7129] Port a21_2_display[11] in module hdmi_code is either unconnected or has no load
WARNING: [Synth 8-7129] Port a21_2_display[10] in module hdmi_code is either unconnected or has no load
WARNING: [Synth 8-7129] Port a21_2_display[9] in module hdmi_code is either unconnected or has no load
WARNING: [Synth 8-7129] Port a21_2_display[8] in module hdmi_code is either unconnected or has no load
WARNING: [Synth 8-7129] Port a21_2_display[7] in module hdmi_code is either unconnected or has no load
WARNING: [Synth 8-7129] Port a21_2_display[6] in module hdmi_code is either unconnected or has no load
WARNING: [Synth 8-7129] Port a21_2_display[5] in module hdmi_code is either unconnected or has no load
WARNING: [Synth 8-7129] Port a21_2_display[4] in module hdmi_code is either unconnected or has no load
WARNING: [Synth 8-7129] Port a21_2_display[3] in module hdmi_code is either unconnected or has no load
WARNING: [Synth 8-7129] Port a21_2_display[2] in module hdmi_code is either unconnected or has no load
WARNING: [Synth 8-7129] Port a21_2_display[1] in module hdmi_code is either unconnected or has no load
WARNING: [Synth 8-7129] Port a21_2_display[0] in module hdmi_code is either unconnected or has no load
WARNING: [Synth 8-7129] Port a22_2_display[11] in module hdmi_code is either unconnected or has no load
WARNING: [Synth 8-7129] Port a22_2_display[10] in module hdmi_code is either unconnected or has no load
WARNING: [Synth 8-7129] Port a22_2_display[9] in module hdmi_code is either unconnected or has no load
WARNING: [Synth 8-7129] Port a22_2_display[8] in module hdmi_code is either unconnected or has no load
WARNING: [Synth 8-7129] Port a22_2_display[7] in module hdmi_code is either unconnected or has no load
WARNING: [Synth 8-7129] Port a22_2_display[6] in module hdmi_code is either unconnected or has no load
WARNING: [Synth 8-7129] Port a22_2_display[5] in module hdmi_code is either unconnected or has no load
WARNING: [Synth 8-7129] Port a22_2_display[4] in module hdmi_code is either unconnected or has no load
WARNING: [Synth 8-7129] Port a22_2_display[3] in module hdmi_code is either unconnected or has no load
WARNING: [Synth 8-7129] Port a22_2_display[2] in module hdmi_code is either unconnected or has no load
WARNING: [Synth 8-7129] Port a22_2_display[1] in module hdmi_code is either unconnected or has no load
WARNING: [Synth 8-7129] Port a22_2_display[0] in module hdmi_code is either unconnected or has no load
WARNING: [Synth 8-7129] Port a11_3_display[11] in module hdmi_code is either unconnected or has no load
WARNING: [Synth 8-7129] Port a11_3_display[10] in module hdmi_code is either unconnected or has no load
WARNING: [Synth 8-7129] Port a11_3_display[9] in module hdmi_code is either unconnected or has no load
WARNING: [Synth 8-7129] Port a11_3_display[8] in module hdmi_code is either unconnected or has no load
WARNING: [Synth 8-7129] Port a11_3_display[7] in module hdmi_code is either unconnected or has no load
WARNING: [Synth 8-7129] Port a11_3_display[6] in module hdmi_code is either unconnected or has no load
WARNING: [Synth 8-7129] Port a11_3_display[5] in module hdmi_code is either unconnected or has no load
WARNING: [Synth 8-7129] Port a11_3_display[4] in module hdmi_code is either unconnected or has no load
WARNING: [Synth 8-7129] Port a11_3_display[3] in module hdmi_code is either unconnected or has no load
WARNING: [Synth 8-7129] Port a11_3_display[2] in module hdmi_code is either unconnected or has no load
WARNING: [Synth 8-7129] Port a11_3_display[1] in module hdmi_code is either unconnected or has no load
WARNING: [Synth 8-7129] Port a11_3_display[0] in module hdmi_code is either unconnected or has no load
WARNING: [Synth 8-7129] Port a12_3_display[11] in module hdmi_code is either unconnected or has no load
WARNING: [Synth 8-7129] Port a12_3_display[10] in module hdmi_code is either unconnected or has no load
WARNING: [Synth 8-7129] Port a12_3_display[9] in module hdmi_code is either unconnected or has no load
INFO: [Common 17-14] Message 'Synth 8-7129' appears 100 times and further instances of the messages will be disabled. Use the Tcl command set_msg_config to change the current settings.
---------------------------------------------------------------------------------
Finished RTL Elaboration : Time (s): cpu = 00:00:18 ; elapsed = 00:00:21 . Memory (MB): peak = 1458.945 ; gain = 553.789
---------------------------------------------------------------------------------
---------------------------------------------------------------------------------
Start Handling Custom Attributes
---------------------------------------------------------------------------------
---------------------------------------------------------------------------------
Finished Handling Custom Attributes : Time (s): cpu = 00:00:19 ; elapsed = 00:00:22 . Memory (MB): peak = 1458.945 ; gain = 553.789
---------------------------------------------------------------------------------
---------------------------------------------------------------------------------
Finished RTL Optimization Phase 1 : Time (s): cpu = 00:00:19 ; elapsed = 00:00:22 . Memory (MB): peak = 1458.945 ; gain = 553.789
---------------------------------------------------------------------------------
Netlist sorting complete. Time (s): cpu = 00:00:00 ; elapsed = 00:00:00.041 . Memory (MB): peak = 1458.945 ; gain = 0.000
INFO: [Project 1-570] Preparing netlist for logic optimization

Processing XDC Constraints
Initializing timing engine
Completed Processing XDC Constraints

Netlist sorting complete. Time (s): cpu = 00:00:00 ; elapsed = 00:00:00 . Memory (MB): peak = 1552.504 ; gain = 0.000
INFO: [Project 1-111] Unisim Transformation Summary:
No Unisim elements were transformed.

The system cannot find the path specified.
Constraint Validation Runtime : Time (s): cpu = 00:00:00 ; elapsed = 00:00:00.109 . Memory (MB): peak = 1552.512 ; gain = 0.008
INFO: [Designutils 20-5008] Incremental synthesis strategy off
---------------------------------------------------------------------------------
Finished Constraint Validation : Time (s): cpu = 00:00:37 ; elapsed = 00:00:42 . Memory (MB): peak = 1552.512 ; gain = 647.355
---------------------------------------------------------------------------------
---------------------------------------------------------------------------------
Start Loading Part and Timing Information
---------------------------------------------------------------------------------
Loading part: xc7z020clg400-1
---------------------------------------------------------------------------------
Finished Loading Part and Timing Information : Time (s): cpu = 00:00:37 ; elapsed = 00:00:42 . Memory (MB): peak = 1552.512 ; gain = 647.355
---------------------------------------------------------------------------------
---------------------------------------------------------------------------------
Start Applying 'set_property' XDC Constraints
---------------------------------------------------------------------------------
---------------------------------------------------------------------------------
Finished applying 'set_property' XDC Constraints : Time (s): cpu = 00:00:37 ; elapsed = 00:00:42 . Memory (MB): peak = 1552.512 ; gain = 647.355
---------------------------------------------------------------------------------
---------------------------------------------------------------------------------
Finished RTL Optimization Phase 2 : Time (s): cpu = 00:00:38 ; elapsed = 00:00:43 . Memory (MB): peak = 1552.512 ; gain = 647.355
---------------------------------------------------------------------------------
---------------------------------------------------------------------------------
Start RTL Component Statistics 
---------------------------------------------------------------------------------
Detailed RTL Component Info : 
+---Adders : 
	   2 Input   12 Bit       Adders := 4     
	   2 Input    4 Bit       Adders := 109   
+---Registers : 
	                4 Bit    Registers := 10    
	                1 Bit    Registers := 1     
+---Muxes : 
	   2 Input   24 Bit        Muxes := 1     
	   4 Input   24 Bit        Muxes := 1     
	   2 Input   19 Bit        Muxes := 36    
	  10 Input    4 Bit        Muxes := 1     
	   8 Input    4 Bit        Muxes := 1     
	   2 Input    4 Bit        Muxes := 48    
	   2 Input    1 Bit        Muxes := 8     
	   8 Input    1 Bit        Muxes := 8     
---------------------------------------------------------------------------------
Finished RTL Component Statistics 
---------------------------------------------------------------------------------
---------------------------------------------------------------------------------
Start Part Resource Summary
---------------------------------------------------------------------------------
Part Resources:
DSPs: 220 (col length:60)
BRAMs: 280 (col length: RAMB18 60 RAMB36 30)
---------------------------------------------------------------------------------
Finished Part Resource Summary
---------------------------------------------------------------------------------
---------------------------------------------------------------------------------
Start Cross Boundary and Area Optimization
---------------------------------------------------------------------------------
WARNING: [Synth 8-7080] Parallel synthesis criteria is not met
---------------------------------------------------------------------------------
Finished Cross Boundary and Area Optimization : Time (s): cpu = 00:00:45 ; elapsed = 00:00:51 . Memory (MB): peak = 1552.512 ; gain = 647.355
---------------------------------------------------------------------------------
---------------------------------------------------------------------------------
Start Applying XDC Timing Constraints
---------------------------------------------------------------------------------
---------------------------------------------------------------------------------
Finished Applying XDC Timing Constraints : Time (s): cpu = 00:00:58 ; elapsed = 00:01:06 . Memory (MB): peak = 1552.512 ; gain = 647.355
---------------------------------------------------------------------------------
---------------------------------------------------------------------------------
Start Timing Optimization
---------------------------------------------------------------------------------
---------------------------------------------------------------------------------
Finished Timing Optimization : Time (s): cpu = 00:00:58 ; elapsed = 00:01:06 . Memory (MB): peak = 1552.512 ; gain = 647.355
---------------------------------------------------------------------------------
---------------------------------------------------------------------------------
Start Technology Mapping
---------------------------------------------------------------------------------
---------------------------------------------------------------------------------
Finished Technology Mapping : Time (s): cpu = 00:00:59 ; elapsed = 00:01:06 . Memory (MB): peak = 1552.512 ; gain = 647.355
---------------------------------------------------------------------------------
---------------------------------------------------------------------------------
Start IO Insertion
---------------------------------------------------------------------------------
---------------------------------------------------------------------------------
Start Flattening Before IO Insertion
---------------------------------------------------------------------------------
---------------------------------------------------------------------------------
Finished Flattening Before IO Insertion
---------------------------------------------------------------------------------
---------------------------------------------------------------------------------
Start Final Netlist Cleanup
---------------------------------------------------------------------------------
---------------------------------------------------------------------------------
Finished Final Netlist Cleanup
---------------------------------------------------------------------------------
---------------------------------------------------------------------------------
Finished IO Insertion : Time (s): cpu = 00:01:11 ; elapsed = 00:01:20 . Memory (MB): peak = 1552.512 ; gain = 647.355
---------------------------------------------------------------------------------
---------------------------------------------------------------------------------
Start Renaming Generated Instances
---------------------------------------------------------------------------------
---------------------------------------------------------------------------------
Finished Renaming Generated Instances : Time (s): cpu = 00:01:11 ; elapsed = 00:01:20 . Memory (MB): peak = 1552.512 ; gain = 647.355
---------------------------------------------------------------------------------
---------------------------------------------------------------------------------
Start Rebuilding User Hierarchy
---------------------------------------------------------------------------------
---------------------------------------------------------------------------------
Finished Rebuilding User Hierarchy : Time (s): cpu = 00:01:11 ; elapsed = 00:01:20 . Memory (MB): peak = 1552.512 ; gain = 647.355
---------------------------------------------------------------------------------
---------------------------------------------------------------------------------
Start Renaming Generated Ports
---------------------------------------------------------------------------------
---------------------------------------------------------------------------------
Finished Renaming Generated Ports : Time (s): cpu = 00:01:11 ; elapsed = 00:01:20 . Memory (MB): peak = 1552.512 ; gain = 647.355
---------------------------------------------------------------------------------
---------------------------------------------------------------------------------
Start Handling Custom Attributes
---------------------------------------------------------------------------------
---------------------------------------------------------------------------------
Finished Handling Custom Attributes : Time (s): cpu = 00:01:11 ; elapsed = 00:01:20 . Memory (MB): peak = 1552.512 ; gain = 647.355
---------------------------------------------------------------------------------
---------------------------------------------------------------------------------
Start Renaming Generated Nets
---------------------------------------------------------------------------------
---------------------------------------------------------------------------------
Finished Renaming Generated Nets : Time (s): cpu = 00:01:11 ; elapsed = 00:01:20 . Memory (MB): peak = 1552.512 ; gain = 647.355
---------------------------------------------------------------------------------
---------------------------------------------------------------------------------
Start Writing Synthesis Report
---------------------------------------------------------------------------------

Report BlackBoxes: 
+-+--------------+----------+
| |BlackBox name |Instances |
+-+--------------+----------+
+-+--------------+----------+

Report Cell Usage: 
+------+-------+------+
|      |Cell   |Count |
+------+-------+------+
|1     |CARRY4 |    26|
|2     |LUT1   |    39|
|3     |LUT2   |    17|
|4     |LUT3   |    22|
|5     |LUT4   |    59|
|6     |LUT5   |    24|
|7     |LUT6   |    91|
|8     |FDCE   |    13|
|9     |FDRE   |    23|
+------+-------+------+
---------------------------------------------------------------------------------
Finished Writing Synthesis Report : Time (s): cpu = 00:01:11 ; elapsed = 00:01:20 . Memory (MB): peak = 1552.512 ; gain = 647.355
---------------------------------------------------------------------------------
Synthesis finished with 0 errors, 0 critical warnings and 138 warnings.
Synthesis Optimization Runtime : Time (s): cpu = 00:00:48 ; elapsed = 00:01:15 . Memory (MB): peak = 1552.512 ; gain = 553.789
Synthesis Optimization Complete : Time (s): cpu = 00:01:11 ; elapsed = 00:01:20 . Memory (MB): peak = 1552.512 ; gain = 647.355
INFO: [Project 1-571] Translating synthesized netlist
Netlist sorting complete. Time (s): cpu = 00:00:00 ; elapsed = 00:00:00.010 . Memory (MB): peak = 1552.512 ; gain = 0.000
INFO: [Netlist 29-17] Analyzing 26 Unisim elements for replacement
INFO: [Netlist 29-28] Unisim Transformation completed in 0 CPU seconds
INFO: [Project 1-570] Preparing netlist for logic optimization
INFO: [Opt 31-138] Pushed 0 inverter(s) to 0 load pin(s).
Netlist sorting complete. Time (s): cpu = 00:00:00 ; elapsed = 00:00:00.001 . Memory (MB): peak = 1552.512 ; gain = 0.000
INFO: [Project 1-111] Unisim Transformation Summary:
No Unisim elements were transformed.

The system cannot find the path specified.
Synth Design complete | Checksum: fdf68325
INFO: [Common 17-83] Releasing license: Synthesis
32 Infos, 103 Warnings, 0 Critical Warnings and 0 Errors encountered.
synth_design completed successfully
synth_design: Time (s): cpu = 00:01:22 ; elapsed = 00:01:37 . Memory (MB): peak = 1552.512 ; gain = 1067.375
Write ShapeDB Complete: Time (s): cpu = 00:00:00 ; elapsed = 00:00:00.007 . Memory (MB): peak = 1552.512 ; gain = 0.000
INFO: [Common 17-1381] The checkpoint 'C:/Users/Home/Documents/FPGASummerProject/Project/matrix_multiplier/matrix_multiplier.runs/hdmi_out_top_0_0_synth_1/hdmi_out_top_0_0.dcp' has been generated.
INFO: [Coretcl 2-1648] Added synthesis output to IP cache for IP hdmi_out_top_0_0, cache-ID = 18e1ae1442c67c8b
INFO: [Coretcl 2-1174] Renamed 3 cell refs.
Write ShapeDB Complete: Time (s): cpu = 00:00:00 ; elapsed = 00:00:00.004 . Memory (MB): peak = 1552.512 ; gain = 0.000
INFO: [Common 17-1381] The checkpoint 'C:/Users/Home/Documents/FPGASummerProject/Project/matrix_multiplier/matrix_multiplier.runs/hdmi_out_top_0_0_synth_1/hdmi_out_top_0_0.dcp' has been generated.
INFO: [runtcl-4] Executing : report_utilization -file hdmi_out_top_0_0_utilization_synth.rpt -pb hdmi_out_top_0_0_utilization_synth.pb
INFO: [Common 17-206] Exiting Vivado at Thu Aug 13 15:32:41 2026...
