
*** Running vivado
    with args -log hdmi_out_top_0_6.vds -m64 -product Vivado -mode batch -messageDb vivado.pb -notrace -source hdmi_out_top_0_6.tcl


ECHO is off.
ECHO is off.

****** Vivado v2023.2 (64-bit)
  **** SW Build 4029153 on Fri Oct 13 20:14:34 MDT 2023
  **** IP Build 4028589 on Sat Oct 14 00:45:43 MDT 2023
  **** SharedData Build 4025554 on Tue Oct 10 17:18:54 MDT 2023
    ** Copyright 1986-2022 Xilinx, Inc. All Rights Reserved.
    ** Copyright 2022-2023 Advanced Micro Devices, Inc. All Rights Reserved.

source hdmi_out_top_0_6.tcl -notrace
create_project: Time (s): cpu = 00:00:17 ; elapsed = 00:00:31 . Memory (MB): peak = 457.902 ; gain = 182.289
INFO: [IP_Flow 19-234] Refreshing IP repositories
INFO: [IP_Flow 19-1700] Loaded user IP repository 'c:/Users/Home/Documents/FPGASummerProject/HDMI_Github/vivado-library-master (1)/vivado-library-master'.
INFO: [IP_Flow 19-2313] Loaded Vivado IP repository 'C:/Users/Home/vivado/Vivado/2023.2/data/ip'.
update_ip_catalog: Time (s): cpu = 00:00:03 ; elapsed = 00:00:09 . Memory (MB): peak = 461.855 ; gain = 3.953
WARNING: [IP_Flow 19-4995] The host OS only allows 260 characters in a normal path. The IP cache path is more than 80 characters. If you experience issues with IP caching, please consider changing the IP cache to a location with a shorter path. Alternately consider using the OS subst command to map part of the path to a drive letter. 
Current IP cache path is c:/Users/Home/Documents/FPGASummerProject/Project/matrix_multiplier/matrix_multiplier.cache/ip 
INFO: [IP_Flow 19-6924] IPCACHE: Running cache check for IP inst: hdmi_out_top_0_6
Command: synth_design -top hdmi_out_top_0_6 -part xc7z020clg400-1 -incremental_mode off -mode out_of_context
Starting synth_design
Attempting to get a license for feature 'Synthesis' and/or device 'xc7z020'
INFO: [Common 17-349] Got license for feature 'Synthesis' and/or device 'xc7z020'
INFO: [Device 21-403] Loading part xc7z020clg400-1
INFO: [Synth 8-7079] Multithreading enabled for synth_design using a maximum of 2 processes.
INFO: [Synth 8-7078] Launching helper process for spawning children vivado processes
WARNING: [Common 17-1361] You have specified a new message control rule that is equivalent to an existing rule with attributes ' -id {17-179}  -suppress '. The existing rule will be replaced.
INFO: [Synth 8-7075] Helper process launched with PID 14408
---------------------------------------------------------------------------------
Starting RTL Elaboration : Time (s): cpu = 00:00:18 ; elapsed = 00:00:35 . Memory (MB): peak = 1342.598 ; gain = 438.996
---------------------------------------------------------------------------------
INFO: [Synth 8-6157] synthesizing module 'hdmi_out_top_0_6' [c:/Users/Home/Documents/FPGASummerProject/Project/matrix_multiplier/matrix_multiplier.gen/sources_1/bd/hdmi_out/ip/hdmi_out_top_0_6/synth/hdmi_out_top_0_6.v:53]
INFO: [Synth 8-6157] synthesizing module 'top' [C:/Users/Home/Documents/FPGASummerProject/Project/matrix_multiplier/matrix_multiplier.srcs/sources_1/new/top.v:21]
INFO: [Synth 8-6157] synthesizing module 'input_numbers' [C:/Users/Home/Documents/FPGASummerProject/Project/matrix_multiplier/matrix_multiplier.srcs/sources_1/new/input_numbers.v:22]
INFO: [Synth 8-6155] done synthesizing module 'input_numbers' (0#1) [C:/Users/Home/Documents/FPGASummerProject/Project/matrix_multiplier/matrix_multiplier.srcs/sources_1/new/input_numbers.v:22]
INFO: [Synth 8-6157] synthesizing module 'MatrixMultiplierCode' [C:/Users/Home/Documents/FPGASummerProject/Project/matrix_multiplier/matrix_multiplier.srcs/sources_1/new/MatrixMultiplierCode.v:22]
INFO: [Synth 8-6155] done synthesizing module 'MatrixMultiplierCode' (0#1) [C:/Users/Home/Documents/FPGASummerProject/Project/matrix_multiplier/matrix_multiplier.srcs/sources_1/new/MatrixMultiplierCode.v:22]
INFO: [Synth 8-6157] synthesizing module 'double_dabble' [C:/Users/Home/Documents/FPGASummerProject/Project/matrix_multiplier/matrix_multiplier.srcs/sources_1/new/double_dabble.v:22]
INFO: [Synth 8-6155] done synthesizing module 'double_dabble' (0#1) [C:/Users/Home/Documents/FPGASummerProject/Project/matrix_multiplier/matrix_multiplier.srcs/sources_1/new/double_dabble.v:22]
INFO: [Synth 8-6157] synthesizing module 'hdmi_code' [C:/Users/Home/Documents/FPGASummerProject/Project/matrix_multiplier/matrix_multiplier.srcs/sources_1/new/hdmi_code.v:22]
INFO: [Synth 8-6155] done synthesizing module 'hdmi_code' (0#1) [C:/Users/Home/Documents/FPGASummerProject/Project/matrix_multiplier/matrix_multiplier.srcs/sources_1/new/hdmi_code.v:22]
WARNING: [Synth 8-7071] port 'active_video_out' of module 'hdmi_code' is unconnected for instance 'outputDisplay' [C:/Users/Home/Documents/FPGASummerProject/Project/matrix_multiplier/matrix_multiplier.srcs/sources_1/new/top.v:122]
WARNING: [Synth 8-7023] instance 'outputDisplay' of module 'hdmi_code' has 23 connections declared, but only 22 given [C:/Users/Home/Documents/FPGASummerProject/Project/matrix_multiplier/matrix_multiplier.srcs/sources_1/new/top.v:122]
INFO: [Synth 8-6155] done synthesizing module 'top' (0#1) [C:/Users/Home/Documents/FPGASummerProject/Project/matrix_multiplier/matrix_multiplier.srcs/sources_1/new/top.v:21]
INFO: [Synth 8-6155] done synthesizing module 'hdmi_out_top_0_6' (0#1) [c:/Users/Home/Documents/FPGASummerProject/Project/matrix_multiplier/matrix_multiplier.gen/sources_1/bd/hdmi_out/ip/hdmi_out_top_0_6/synth/hdmi_out_top_0_6.v:53]
WARNING: [Synth 8-7129] Port a11_2_display[11] in module hdmi_code is either unconnected or has no load
WARNING: [Synth 8-7129] Port a11_2_display[10] in module hdmi_code is either unconnected or has no load
WARNING: [Synth 8-7129] Port a11_2_display[9] in module hdmi_code is either unconnected or has no load
WARNING: [Synth 8-7129] Port a11_2_display[8] in module hdmi_code is either unconnected or has no load
WARNING: [Synth 8-7129] Port a11_2_display[7] in module hdmi_code is either unconnected or has no load
WARNING: [Synth 8-7129] Port a11_2_display[6] in module hdmi_code is either unconnected or has no load
WARNING: [Synth 8-7129] Port a11_2_display[5] in module hdmi_code is either unconnected or has no load
WARNING: [Synth 8-7129] Port a11_2_display[4] in module hdmi_code is either unconnected or has no load
WARNING: [Synth 8-7129] Port a11_2_display[3] in module hdmi_code is either unconnected or has no load
WARNING: [Synth 8-7129] Port a11_2_display[2] in module hdmi_code is either unconnected or has no load
WARNING: [Synth 8-7129] Port a11_2_display[1] in module hdmi_code is either unconnected or has no load
WARNING: [Synth 8-7129] Port a11_2_display[0] in module hdmi_code is either unconnected or has no load
WARNING: [Synth 8-7129] Port a12_2_display[11] in module hdmi_code is either unconnected or has no load
WARNING: [Synth 8-7129] Port a12_2_display[10] in module hdmi_code is either unconnected or has no load
WARNING: [Synth 8-7129] Port a12_2_display[9] in module hdmi_code is either unconnected or has no load
WARNING: [Synth 8-7129] Port a12_2_display[8] in module hdmi_code is either unconnected or has no load
WARNING: [Synth 8-7129] Port a12_2_display[7] in module hdmi_code is either unconnected or has no load
WARNING: [Synth 8-7129] Port a12_2_display[6] in module hdmi_code is either unconnected or has no load
WARNING: [Synth 8-7129] Port a12_2_display[5] in module hdmi_code is either unconnected or has no load
WARNING: [Synth 8-7129] Port a12_2_display[4] in module hdmi_code is either unconnected or has no load
WARNING: [Synth 8-7129] Port a12_2_display[3] in module hdmi_code is either unconnected or has no load
WARNING: [Synth 8-7129] Port a12_2_display[2] in module hdmi_code is either unconnected or has no load
WARNING: [Synth 8-7129] Port a12_2_display[1] in module hdmi_code is either unconnected or has no load
WARNING: [Synth 8-7129] Port a12_2_display[0] in module hdmi_code is either unconnected or has no load
WARNING: [Synth 8-7129] Port a21_2_display[11] in module hdmi_code is either unconnected or has no load
WARNING: [Synth 8-7129] Port a21_2_display[10] in module hdmi_code is either unconnected or has no load
WARNING: [Synth 8-7129] Port a21_2_display[9] in module hdmi_code is either unconnected or has no load
WARNING: [Synth 8-7129] Port a21_2_display[8] in module hdmi_code is either unconnected or has no load
WARNING: [Synth 8-7129] Port a21_2_display[7] in module hdmi_code is either unconnected or has no load
WARNING: [Synth 8-7129] Port a21_2_display[6] in module hdmi_code is either unconnected or has no load
WARNING: [Synth 8-7129] Port a21_2_display[5] in module hdmi_code is either unconnected or has no load
WARNING: [Synth 8-7129] Port a21_2_display[4] in module hdmi_code is either unconnected or has no load
WARNING: [Synth 8-7129] Port a21_2_display[3] in module hdmi_code is either unconnected or has no load
WARNING: [Synth 8-7129] Port a21_2_display[2] in module hdmi_code is either unconnected or has no load
WARNING: [Synth 8-7129] Port a21_2_display[1] in module hdmi_code is either unconnected or has no load
WARNING: [Synth 8-7129] Port a21_2_display[0] in module hdmi_code is either unconnected or has no load
WARNING: [Synth 8-7129] Port a22_2_display[11] in module hdmi_code is either unconnected or has no load
WARNING: [Synth 8-7129] Port a22_2_display[10] in module hdmi_code is either unconnected or has no load
WARNING: [Synth 8-7129] Port a22_2_display[9] in module hdmi_code is either unconnected or has no load
WARNING: [Synth 8-7129] Port a22_2_display[8] in module hdmi_code is either unconnected or has no load
WARNING: [Synth 8-7129] Port a22_2_display[7] in module hdmi_code is either unconnected or has no load
WARNING: [Synth 8-7129] Port a22_2_display[6] in module hdmi_code is either unconnected or has no load
WARNING: [Synth 8-7129] Port a22_2_display[5] in module hdmi_code is either unconnected or has no load
WARNING: [Synth 8-7129] Port a22_2_display[4] in module hdmi_code is either unconnected or has no load
WARNING: [Synth 8-7129] Port a22_2_display[3] in module hdmi_code is either unconnected or has no load
WARNING: [Synth 8-7129] Port a22_2_display[2] in module hdmi_code is either unconnected or has no load
WARNING: [Synth 8-7129] Port a22_2_display[1] in module hdmi_code is either unconnected or has no load
WARNING: [Synth 8-7129] Port a22_2_display[0] in module hdmi_code is either unconnected or has no load
WARNING: [Synth 8-7129] Port a11_3_display[11] in module hdmi_code is either unconnected or has no load
WARNING: [Synth 8-7129] Port a11_3_display[10] in module hdmi_code is either unconnected or has no load
WARNING: [Synth 8-7129] Port a11_3_display[9] in module hdmi_code is either unconnected or has no load
WARNING: [Synth 8-7129] Port a11_3_display[8] in module hdmi_code is either unconnected or has no load
WARNING: [Synth 8-7129] Port a11_3_display[7] in module hdmi_code is either unconnected or has no load
WARNING: [Synth 8-7129] Port a11_3_display[6] in module hdmi_code is either unconnected or has no load
WARNING: [Synth 8-7129] Port a11_3_display[5] in module hdmi_code is either unconnected or has no load
WARNING: [Synth 8-7129] Port a11_3_display[4] in module hdmi_code is either unconnected or has no load
WARNING: [Synth 8-7129] Port a11_3_display[3] in module hdmi_code is either unconnected or has no load
WARNING: [Synth 8-7129] Port a11_3_display[2] in module hdmi_code is either unconnected or has no load
WARNING: [Synth 8-7129] Port a11_3_display[1] in module hdmi_code is either unconnected or has no load
WARNING: [Synth 8-7129] Port a11_3_display[0] in module hdmi_code is either unconnected or has no load
WARNING: [Synth 8-7129] Port a12_3_display[11] in module hdmi_code is either unconnected or has no load
WARNING: [Synth 8-7129] Port a12_3_display[10] in module hdmi_code is either unconnected or has no load
WARNING: [Synth 8-7129] Port a12_3_display[9] in module hdmi_code is either unconnected or has no load
WARNING: [Synth 8-7129] Port a12_3_display[8] in module hdmi_code is either unconnected or has no load
WARNING: [Synth 8-7129] Port a12_3_display[7] in module hdmi_code is either unconnected or has no load
WARNING: [Synth 8-7129] Port a12_3_display[6] in module hdmi_code is either unconnected or has no load
WARNING: [Synth 8-7129] Port a12_3_display[5] in module hdmi_code is either unconnected or has no load
WARNING: [Synth 8-7129] Port a12_3_display[4] in module hdmi_code is either unconnected or has no load
WARNING: [Synth 8-7129] Port a12_3_display[3] in module hdmi_code is either unconnected or has no load
WARNING: [Synth 8-7129] Port a12_3_display[2] in module hdmi_code is either unconnected or has no load
WARNING: [Synth 8-7129] Port a12_3_display[1] in module hdmi_code is either unconnected or has no load
WARNING: [Synth 8-7129] Port a12_3_display[0] in module hdmi_code is either unconnected or has no load
WARNING: [Synth 8-7129] Port a21_3_display[11] in module hdmi_code is either unconnected or has no load
WARNING: [Synth 8-7129] Port a21_3_display[10] in module hdmi_code is either unconnected or has no load
WARNING: [Synth 8-7129] Port a21_3_display[9] in module hdmi_code is either unconnected or has no load
WARNING: [Synth 8-7129] Port a21_3_display[8] in module hdmi_code is either unconnected or has no load
WARNING: [Synth 8-7129] Port a21_3_display[7] in module hdmi_code is either unconnected or has no load
WARNING: [Synth 8-7129] Port a21_3_display[6] in module hdmi_code is either unconnected or has no load
WARNING: [Synth 8-7129] Port a21_3_display[5] in module hdmi_code is either unconnected or has no load
WARNING: [Synth 8-7129] Port a21_3_display[4] in module hdmi_code is either unconnected or has no load
WARNING: [Synth 8-7129] Port a21_3_display[3] in module hdmi_code is either unconnected or has no load
WARNING: [Synth 8-7129] Port a21_3_display[2] in module hdmi_code is either unconnected or has no load
WARNING: [Synth 8-7129] Port a21_3_display[1] in module hdmi_code is either unconnected or has no load
WARNING: [Synth 8-7129] Port a21_3_display[0] in module hdmi_code is either unconnected or has no load
WARNING: [Synth 8-7129] Port a22_3_display[11] in module hdmi_code is either unconnected or has no load
WARNING: [Synth 8-7129] Port a22_3_display[10] in module hdmi_code is either unconnected or has no load
WARNING: [Synth 8-7129] Port a22_3_display[9] in module hdmi_code is either unconnected or has no load
WARNING: [Synth 8-7129] Port a22_3_display[8] in module hdmi_code is either unconnected or has no load
WARNING: [Synth 8-7129] Port a22_3_display[7] in module hdmi_code is either unconnected or has no load
WARNING: [Synth 8-7129] Port a22_3_display[6] in module hdmi_code is either unconnected or has no load
WARNING: [Synth 8-7129] Port a22_3_display[5] in module hdmi_code is either unconnected or has no load
WARNING: [Synth 8-7129] Port a22_3_display[4] in module hdmi_code is either unconnected or has no load
WARNING: [Synth 8-7129] Port a22_3_display[3] in module hdmi_code is either unconnected or has no load
WARNING: [Synth 8-7129] Port a22_3_display[2] in module hdmi_code is either unconnected or has no load
WARNING: [Synth 8-7129] Port a22_3_display[1] in module hdmi_code is either unconnected or has no load
WARNING: [Synth 8-7129] Port a22_3_display[0] in module hdmi_code is either unconnected or has no load
WARNING: [Synth 8-7129] Port compartment[3] in module hdmi_code is either unconnected or has no load
WARNING: [Synth 8-7129] Port compartment[2] in module hdmi_code is either unconnected or has no load
WARNING: [Synth 8-7129] Port compartment[1] in module hdmi_code is either unconnected or has no load
WARNING: [Synth 8-7129] Port compartment[0] in module hdmi_code is either unconnected or has no load
INFO: [Common 17-14] Message 'Synth 8-7129' appears 100 times and further instances of the messages will be disabled. Use the Tcl command set_msg_config to change the current settings.
---------------------------------------------------------------------------------
Finished RTL Elaboration : Time (s): cpu = 00:00:24 ; elapsed = 00:00:44 . Memory (MB): peak = 1463.816 ; gain = 560.215
---------------------------------------------------------------------------------
---------------------------------------------------------------------------------
Start Handling Custom Attributes
---------------------------------------------------------------------------------
---------------------------------------------------------------------------------
Finished Handling Custom Attributes : Time (s): cpu = 00:00:24 ; elapsed = 00:00:45 . Memory (MB): peak = 1463.816 ; gain = 560.215
---------------------------------------------------------------------------------
---------------------------------------------------------------------------------
Finished RTL Optimization Phase 1 : Time (s): cpu = 00:00:24 ; elapsed = 00:00:45 . Memory (MB): peak = 1463.816 ; gain = 560.215
---------------------------------------------------------------------------------
Netlist sorting complete. Time (s): cpu = 00:00:00 ; elapsed = 00:00:00.060 . Memory (MB): peak = 1463.816 ; gain = 0.000
INFO: [Project 1-570] Preparing netlist for logic optimization

Processing XDC Constraints
Initializing timing engine
Completed Processing XDC Constraints

Netlist sorting complete. Time (s): cpu = 00:00:00 ; elapsed = 00:00:00.001 . Memory (MB): peak = 1559.488 ; gain = 0.000
INFO: [Project 1-111] Unisim Transformation Summary:
No Unisim elements were transformed.

The system cannot find the path specified.
Constraint Validation Runtime : Time (s): cpu = 00:00:00 ; elapsed = 00:00:00.215 . Memory (MB): peak = 1559.488 ; gain = 0.000
INFO: [Designutils 20-5008] Incremental synthesis strategy off
---------------------------------------------------------------------------------
Finished Constraint Validation : Time (s): cpu = 00:00:48 ; elapsed = 00:01:24 . Memory (MB): peak = 1559.488 ; gain = 655.887
---------------------------------------------------------------------------------
---------------------------------------------------------------------------------
Start Loading Part and Timing Information
---------------------------------------------------------------------------------
Loading part: xc7z020clg400-1
---------------------------------------------------------------------------------
Finished Loading Part and Timing Information : Time (s): cpu = 00:00:48 ; elapsed = 00:01:24 . Memory (MB): peak = 1559.488 ; gain = 655.887
---------------------------------------------------------------------------------
---------------------------------------------------------------------------------
Start Applying 'set_property' XDC Constraints
---------------------------------------------------------------------------------
---------------------------------------------------------------------------------
Finished applying 'set_property' XDC Constraints : Time (s): cpu = 00:00:48 ; elapsed = 00:01:24 . Memory (MB): peak = 1559.488 ; gain = 655.887
---------------------------------------------------------------------------------
---------------------------------------------------------------------------------
Finished RTL Optimization Phase 2 : Time (s): cpu = 00:00:50 ; elapsed = 00:01:28 . Memory (MB): peak = 1559.488 ; gain = 655.887
---------------------------------------------------------------------------------
---------------------------------------------------------------------------------
Start RTL Component Statistics 
---------------------------------------------------------------------------------
Detailed RTL Component Info : 
+---Adders : 
	   2 Input   12 Bit       Adders := 4     
	   2 Input    4 Bit       Adders := 109   
+---Registers : 
	                4 Bit    Registers := 10    
	                1 Bit    Registers := 4     
+---Muxes : 
	   2 Input   24 Bit        Muxes := 1     
	   2 Input   19 Bit        Muxes := 36    
	  10 Input    4 Bit        Muxes := 1     
	   8 Input    4 Bit        Muxes := 1     
	   2 Input    4 Bit        Muxes := 48    
	   2 Input    1 Bit        Muxes := 8     
	   8 Input    1 Bit        Muxes := 8     
---------------------------------------------------------------------------------
Finished RTL Component Statistics 
---------------------------------------------------------------------------------
---------------------------------------------------------------------------------
Start Part Resource Summary
---------------------------------------------------------------------------------
Part Resources:
DSPs: 220 (col length:60)
BRAMs: 280 (col length: RAMB18 60 RAMB36 30)
---------------------------------------------------------------------------------
Finished Part Resource Summary
---------------------------------------------------------------------------------
---------------------------------------------------------------------------------
Start Cross Boundary and Area Optimization
---------------------------------------------------------------------------------
WARNING: [Synth 8-7080] Parallel synthesis criteria is not met
CRITICAL WARNING: [Synth 8-6859] multi-driven net on pin Q with 1st driver pin 'inst/outputDisplay/vid_out_reg[22]/Q' [C:/Users/Home/Documents/FPGASummerProject/Project/matrix_multiplier/matrix_multiplier.srcs/sources_1/new/hdmi_code.v:292]
CRITICAL WARNING: [Synth 8-6859] multi-driven net on pin Q with 2nd driver pin 'VCC' [C:/Users/Home/Documents/FPGASummerProject/Project/matrix_multiplier/matrix_multiplier.srcs/sources_1/new/hdmi_code.v:292]
CRITICAL WARNING: [Synth 8-6858] multi-driven net Q is connected to at least one constant driver which has been preserved, other driver is ignored [C:/Users/Home/Documents/FPGASummerProject/Project/matrix_multiplier/matrix_multiplier.srcs/sources_1/new/hdmi_code.v:292]
CRITICAL WARNING: [Synth 8-6859] multi-driven net on pin Q with 1st driver pin 'inst/outputDisplay/vid_out_reg[21]/Q' [C:/Users/Home/Documents/FPGASummerProject/Project/matrix_multiplier/matrix_multiplier.srcs/sources_1/new/hdmi_code.v:292]
CRITICAL WARNING: [Synth 8-6859] multi-driven net on pin Q with 2nd driver pin 'VCC' [C:/Users/Home/Documents/FPGASummerProject/Project/matrix_multiplier/matrix_multiplier.srcs/sources_1/new/hdmi_code.v:292]
CRITICAL WARNING: [Synth 8-6858] multi-driven net Q is connected to at least one constant driver which has been preserved, other driver is ignored [C:/Users/Home/Documents/FPGASummerProject/Project/matrix_multiplier/matrix_multiplier.srcs/sources_1/new/hdmi_code.v:292]
CRITICAL WARNING: [Synth 8-6859] multi-driven net on pin Q with 1st driver pin 'inst/outputDisplay/vid_out_reg[20]/Q' [C:/Users/Home/Documents/FPGASummerProject/Project/matrix_multiplier/matrix_multiplier.srcs/sources_1/new/hdmi_code.v:292]
CRITICAL WARNING: [Synth 8-6859] multi-driven net on pin Q with 2nd driver pin 'VCC' [C:/Users/Home/Documents/FPGASummerProject/Project/matrix_multiplier/matrix_multiplier.srcs/sources_1/new/hdmi_code.v:292]
CRITICAL WARNING: [Synth 8-6858] multi-driven net Q is connected to at least one constant driver which has been preserved, other driver is ignored [C:/Users/Home/Documents/FPGASummerProject/Project/matrix_multiplier/matrix_multiplier.srcs/sources_1/new/hdmi_code.v:292]
CRITICAL WARNING: [Synth 8-6859] multi-driven net on pin Q with 1st driver pin 'inst/outputDisplay/vid_out_reg[19]/Q' [C:/Users/Home/Documents/FPGASummerProject/Project/matrix_multiplier/matrix_multiplier.srcs/sources_1/new/hdmi_code.v:292]
CRITICAL WARNING: [Synth 8-6859] multi-driven net on pin Q with 2nd driver pin 'VCC' [C:/Users/Home/Documents/FPGASummerProject/Project/matrix_multiplier/matrix_multiplier.srcs/sources_1/new/hdmi_code.v:292]
CRITICAL WARNING: [Synth 8-6858] multi-driven net Q is connected to at least one constant driver which has been preserved, other driver is ignored [C:/Users/Home/Documents/FPGASummerProject/Project/matrix_multiplier/matrix_multiplier.srcs/sources_1/new/hdmi_code.v:292]
CRITICAL WARNING: [Synth 8-6859] multi-driven net on pin Q with 1st driver pin 'inst/outputDisplay/vid_out_reg[16]/Q' [C:/Users/Home/Documents/FPGASummerProject/Project/matrix_multiplier/matrix_multiplier.srcs/sources_1/new/hdmi_code.v:292]
CRITICAL WARNING: [Synth 8-6859] multi-driven net on pin Q with 2nd driver pin 'VCC' [C:/Users/Home/Documents/FPGASummerProject/Project/matrix_multiplier/matrix_multiplier.srcs/sources_1/new/hdmi_code.v:292]
CRITICAL WARNING: [Synth 8-6858] multi-driven net Q is connected to at least one constant driver which has been preserved, other driver is ignored [C:/Users/Home/Documents/FPGASummerProject/Project/matrix_multiplier/matrix_multiplier.srcs/sources_1/new/hdmi_code.v:292]
CRITICAL WARNING: [Synth 8-6859] multi-driven net on pin Q with 1st driver pin 'inst/outputDisplay/vid_out_reg[3]/Q' [C:/Users/Home/Documents/FPGASummerProject/Project/matrix_multiplier/matrix_multiplier.srcs/sources_1/new/hdmi_code.v:292]
CRITICAL WARNING: [Synth 8-6859] multi-driven net on pin Q with 2nd driver pin 'GND' [C:/Users/Home/Documents/FPGASummerProject/Project/matrix_multiplier/matrix_multiplier.srcs/sources_1/new/hdmi_code.v:292]
CRITICAL WARNING: [Synth 8-6858] multi-driven net Q is connected to at least one constant driver which has been preserved, other driver is ignored [C:/Users/Home/Documents/FPGASummerProject/Project/matrix_multiplier/matrix_multiplier.srcs/sources_1/new/hdmi_code.v:292]
---------------------------------------------------------------------------------
Finished Cross Boundary and Area Optimization : Time (s): cpu = 00:01:04 ; elapsed = 00:01:49 . Memory (MB): peak = 1559.488 ; gain = 655.887
---------------------------------------------------------------------------------
---------------------------------------------------------------------------------
Start Applying XDC Timing Constraints
---------------------------------------------------------------------------------
---------------------------------------------------------------------------------
Finished Applying XDC Timing Constraints : Time (s): cpu = 00:01:22 ; elapsed = 00:02:15 . Memory (MB): peak = 1559.488 ; gain = 655.887
---------------------------------------------------------------------------------
---------------------------------------------------------------------------------
Start Timing Optimization
---------------------------------------------------------------------------------
---------------------------------------------------------------------------------
Finished Timing Optimization : Time (s): cpu = 00:01:23 ; elapsed = 00:02:15 . Memory (MB): peak = 1559.488 ; gain = 655.887
---------------------------------------------------------------------------------
---------------------------------------------------------------------------------
Start Technology Mapping
---------------------------------------------------------------------------------
---------------------------------------------------------------------------------
Finished Technology Mapping : Time (s): cpu = 00:01:23 ; elapsed = 00:02:16 . Memory (MB): peak = 1559.488 ; gain = 655.887
---------------------------------------------------------------------------------
---------------------------------------------------------------------------------
Start IO Insertion
---------------------------------------------------------------------------------
---------------------------------------------------------------------------------
Start Flattening Before IO Insertion
---------------------------------------------------------------------------------
---------------------------------------------------------------------------------
Finished Flattening Before IO Insertion
---------------------------------------------------------------------------------
---------------------------------------------------------------------------------
Start Final Netlist Cleanup
---------------------------------------------------------------------------------
---------------------------------------------------------------------------------
Finished Final Netlist Cleanup
---------------------------------------------------------------------------------
---------------------------------------------------------------------------------
Finished IO Insertion : Time (s): cpu = 00:01:40 ; elapsed = 00:02:37 . Memory (MB): peak = 1559.488 ; gain = 655.887
---------------------------------------------------------------------------------
---------------------------------------------------------------------------------
Start Renaming Generated Instances
---------------------------------------------------------------------------------
---------------------------------------------------------------------------------
Finished Renaming Generated Instances : Time (s): cpu = 00:01:40 ; elapsed = 00:02:37 . Memory (MB): peak = 1559.488 ; gain = 655.887
---------------------------------------------------------------------------------
CRITICAL WARNING: [Synth 8-6859] multi-driven net on pin video_out[23] with 1st driver pin 'inst/outputDisplay/vid_out_reg[23]__0/Q' [C:/Users/Home/Documents/FPGASummerProject/Project/matrix_multiplier/matrix_multiplier.srcs/sources_1/new/hdmi_code.v:252]
CRITICAL WARNING: [Synth 8-6859] multi-driven net on pin video_out[23] with 2nd driver pin 'inst/outputDisplay/vid_out_reg[23]/Q' [C:/Users/Home/Documents/FPGASummerProject/Project/matrix_multiplier/matrix_multiplier.srcs/sources_1/new/hdmi_code.v:292]
CRITICAL WARNING: [Synth 8-6859] multi-driven net on pin video_out[18] with 1st driver pin 'inst/outputDisplay/vid_out_reg[18]__0/Q' [C:/Users/Home/Documents/FPGASummerProject/Project/matrix_multiplier/matrix_multiplier.srcs/sources_1/new/hdmi_code.v:252]
CRITICAL WARNING: [Synth 8-6859] multi-driven net on pin video_out[18] with 2nd driver pin 'inst/outputDisplay/vid_out_reg[18]/Q' [C:/Users/Home/Documents/FPGASummerProject/Project/matrix_multiplier/matrix_multiplier.srcs/sources_1/new/hdmi_code.v:292]
CRITICAL WARNING: [Synth 8-6859] multi-driven net on pin video_out[17] with 1st driver pin 'inst/outputDisplay/vid_out_reg[17]__0/Q' [C:/Users/Home/Documents/FPGASummerProject/Project/matrix_multiplier/matrix_multiplier.srcs/sources_1/new/hdmi_code.v:252]
CRITICAL WARNING: [Synth 8-6859] multi-driven net on pin video_out[17] with 2nd driver pin 'inst/outputDisplay/vid_out_reg[17]/Q' [C:/Users/Home/Documents/FPGASummerProject/Project/matrix_multiplier/matrix_multiplier.srcs/sources_1/new/hdmi_code.v:292]
CRITICAL WARNING: [Synth 8-6859] multi-driven net on pin video_out[15] with 1st driver pin 'inst/outputDisplay/vid_out_reg[15]__0/Q' [C:/Users/Home/Documents/FPGASummerProject/Project/matrix_multiplier/matrix_multiplier.srcs/sources_1/new/hdmi_code.v:252]
CRITICAL WARNING: [Synth 8-6859] multi-driven net on pin video_out[15] with 2nd driver pin 'inst/outputDisplay/vid_out_reg[15]/Q' [C:/Users/Home/Documents/FPGASummerProject/Project/matrix_multiplier/matrix_multiplier.srcs/sources_1/new/hdmi_code.v:292]
CRITICAL WARNING: [Synth 8-6859] multi-driven net on pin video_out[14] with 1st driver pin 'inst/outputDisplay/vid_out_reg[14]__0/Q' [C:/Users/Home/Documents/FPGASummerProject/Project/matrix_multiplier/matrix_multiplier.srcs/sources_1/new/hdmi_code.v:252]
CRITICAL WARNING: [Synth 8-6859] multi-driven net on pin video_out[14] with 2nd driver pin 'inst/outputDisplay/vid_out_reg[14]/Q' [C:/Users/Home/Documents/FPGASummerProject/Project/matrix_multiplier/matrix_multiplier.srcs/sources_1/new/hdmi_code.v:292]
CRITICAL WARNING: [Synth 8-6859] multi-driven net on pin video_out[13] with 1st driver pin 'inst/outputDisplay/vid_out_reg[13]__0/Q' [C:/Users/Home/Documents/FPGASummerProject/Project/matrix_multiplier/matrix_multiplier.srcs/sources_1/new/hdmi_code.v:252]
CRITICAL WARNING: [Synth 8-6859] multi-driven net on pin video_out[13] with 2nd driver pin 'inst/outputDisplay/vid_out_reg[13]/Q' [C:/Users/Home/Documents/FPGASummerProject/Project/matrix_multiplier/matrix_multiplier.srcs/sources_1/new/hdmi_code.v:292]
CRITICAL WARNING: [Synth 8-6859] multi-driven net on pin video_out[12] with 1st driver pin 'inst/outputDisplay/vid_out_reg[12]__0/Q' [C:/Users/Home/Documents/FPGASummerProject/Project/matrix_multiplier/matrix_multiplier.srcs/sources_1/new/hdmi_code.v:252]
CRITICAL WARNING: [Synth 8-6859] multi-driven net on pin video_out[12] with 2nd driver pin 'inst/outputDisplay/vid_out_reg[12]/Q' [C:/Users/Home/Documents/FPGASummerProject/Project/matrix_multiplier/matrix_multiplier.srcs/sources_1/new/hdmi_code.v:292]
CRITICAL WARNING: [Synth 8-6859] multi-driven net on pin video_out[11] with 1st driver pin 'inst/outputDisplay/vid_out_reg[11]__0/Q' [C:/Users/Home/Documents/FPGASummerProject/Project/matrix_multiplier/matrix_multiplier.srcs/sources_1/new/hdmi_code.v:252]
CRITICAL WARNING: [Synth 8-6859] multi-driven net on pin video_out[11] with 2nd driver pin 'inst/outputDisplay/vid_out_reg[11]/Q' [C:/Users/Home/Documents/FPGASummerProject/Project/matrix_multiplier/matrix_multiplier.srcs/sources_1/new/hdmi_code.v:292]
CRITICAL WARNING: [Synth 8-6859] multi-driven net on pin video_out[10] with 1st driver pin 'inst/outputDisplay/vid_out_reg[10]__0/Q' [C:/Users/Home/Documents/FPGASummerProject/Project/matrix_multiplier/matrix_multiplier.srcs/sources_1/new/hdmi_code.v:252]
CRITICAL WARNING: [Synth 8-6859] multi-driven net on pin video_out[10] with 2nd driver pin 'inst/outputDisplay/vid_out_reg[10]/Q' [C:/Users/Home/Documents/FPGASummerProject/Project/matrix_multiplier/matrix_multiplier.srcs/sources_1/new/hdmi_code.v:292]
CRITICAL WARNING: [Synth 8-6859] multi-driven net on pin video_out[9] with 1st driver pin 'inst/outputDisplay/vid_out_reg[9]__0/Q' [C:/Users/Home/Documents/FPGASummerProject/Project/matrix_multiplier/matrix_multiplier.srcs/sources_1/new/hdmi_code.v:252]
CRITICAL WARNING: [Synth 8-6859] multi-driven net on pin video_out[9] with 2nd driver pin 'inst/outputDisplay/vid_out_reg[9]/Q' [C:/Users/Home/Documents/FPGASummerProject/Project/matrix_multiplier/matrix_multiplier.srcs/sources_1/new/hdmi_code.v:292]
CRITICAL WARNING: [Synth 8-6859] multi-driven net on pin video_out[8] with 1st driver pin 'inst/outputDisplay/vid_out_reg[8]__0/Q' [C:/Users/Home/Documents/FPGASummerProject/Project/matrix_multiplier/matrix_multiplier.srcs/sources_1/new/hdmi_code.v:252]
CRITICAL WARNING: [Synth 8-6859] multi-driven net on pin video_out[8] with 2nd driver pin 'inst/outputDisplay/vid_out_reg[8]/Q' [C:/Users/Home/Documents/FPGASummerProject/Project/matrix_multiplier/matrix_multiplier.srcs/sources_1/new/hdmi_code.v:292]
CRITICAL WARNING: [Synth 8-6859] multi-driven net on pin video_out[7] with 1st driver pin 'inst/outputDisplay/vid_out_reg[7]__0/Q' [C:/Users/Home/Documents/FPGASummerProject/Project/matrix_multiplier/matrix_multiplier.srcs/sources_1/new/hdmi_code.v:252]
CRITICAL WARNING: [Synth 8-6859] multi-driven net on pin video_out[7] with 2nd driver pin 'inst/outputDisplay/vid_out_reg[7]/Q' [C:/Users/Home/Documents/FPGASummerProject/Project/matrix_multiplier/matrix_multiplier.srcs/sources_1/new/hdmi_code.v:292]
CRITICAL WARNING: [Synth 8-6859] multi-driven net on pin video_out[6] with 1st driver pin 'inst/outputDisplay/vid_out_reg[6]__0/Q' [C:/Users/Home/Documents/FPGASummerProject/Project/matrix_multiplier/matrix_multiplier.srcs/sources_1/new/hdmi_code.v:252]
CRITICAL WARNING: [Synth 8-6859] multi-driven net on pin video_out[6] with 2nd driver pin 'inst/outputDisplay/vid_out_reg[6]/Q' [C:/Users/Home/Documents/FPGASummerProject/Project/matrix_multiplier/matrix_multiplier.srcs/sources_1/new/hdmi_code.v:292]
CRITICAL WARNING: [Synth 8-6859] multi-driven net on pin video_out[5] with 1st driver pin 'inst/outputDisplay/vid_out_reg[5]__0/Q' [C:/Users/Home/Documents/FPGASummerProject/Project/matrix_multiplier/matrix_multiplier.srcs/sources_1/new/hdmi_code.v:252]
CRITICAL WARNING: [Synth 8-6859] multi-driven net on pin video_out[5] with 2nd driver pin 'inst/outputDisplay/vid_out_reg[5]/Q' [C:/Users/Home/Documents/FPGASummerProject/Project/matrix_multiplier/matrix_multiplier.srcs/sources_1/new/hdmi_code.v:292]
CRITICAL WARNING: [Synth 8-6859] multi-driven net on pin video_out[4] with 1st driver pin 'inst/outputDisplay/vid_out_reg[4]__0/Q' [C:/Users/Home/Documents/FPGASummerProject/Project/matrix_multiplier/matrix_multiplier.srcs/sources_1/new/hdmi_code.v:252]
CRITICAL WARNING: [Synth 8-6859] multi-driven net on pin video_out[4] with 2nd driver pin 'inst/outputDisplay/vid_out_reg[4]/Q' [C:/Users/Home/Documents/FPGASummerProject/Project/matrix_multiplier/matrix_multiplier.srcs/sources_1/new/hdmi_code.v:292]
CRITICAL WARNING: [Synth 8-6859] multi-driven net on pin video_out[2] with 1st driver pin 'inst/outputDisplay/vid_out_reg[2]__0/Q' [C:/Users/Home/Documents/FPGASummerProject/Project/matrix_multiplier/matrix_multiplier.srcs/sources_1/new/hdmi_code.v:252]
CRITICAL WARNING: [Synth 8-6859] multi-driven net on pin video_out[2] with 2nd driver pin 'inst/outputDisplay/vid_out_reg[2]/Q' [C:/Users/Home/Documents/FPGASummerProject/Project/matrix_multiplier/matrix_multiplier.srcs/sources_1/new/hdmi_code.v:292]
CRITICAL WARNING: [Synth 8-6859] multi-driven net on pin video_out[1] with 1st driver pin 'inst/outputDisplay/vid_out_reg[1]__0/Q' [C:/Users/Home/Documents/FPGASummerProject/Project/matrix_multiplier/matrix_multiplier.srcs/sources_1/new/hdmi_code.v:252]
CRITICAL WARNING: [Synth 8-6859] multi-driven net on pin video_out[1] with 2nd driver pin 'inst/outputDisplay/vid_out_reg[1]/Q' [C:/Users/Home/Documents/FPGASummerProject/Project/matrix_multiplier/matrix_multiplier.srcs/sources_1/new/hdmi_code.v:292]
CRITICAL WARNING: [Synth 8-6859] multi-driven net on pin video_out[0] with 1st driver pin 'inst/outputDisplay/vid_out_reg[0]__0/Q' [C:/Users/Home/Documents/FPGASummerProject/Project/matrix_multiplier/matrix_multiplier.srcs/sources_1/new/hdmi_code.v:252]
CRITICAL WARNING: [Synth 8-6859] multi-driven net on pin video_out[0] with 2nd driver pin 'inst/outputDisplay/vid_out_reg[0]/Q' [C:/Users/Home/Documents/FPGASummerProject/Project/matrix_multiplier/matrix_multiplier.srcs/sources_1/new/hdmi_code.v:292]

Report Check Netlist: 
+------+------------------+-------+---------+-------+------------------+
|      |Item              |Errors |Warnings |Status |Description       |
+------+------------------+-------+---------+-------+------------------+
|1     |multi_driven_nets |      0|       18|Failed |Multi driven nets |
+------+------------------+-------+---------+-------+------------------+
---------------------------------------------------------------------------------
Start Rebuilding User Hierarchy
---------------------------------------------------------------------------------
---------------------------------------------------------------------------------
Finished Rebuilding User Hierarchy : Time (s): cpu = 00:01:40 ; elapsed = 00:02:38 . Memory (MB): peak = 1559.488 ; gain = 655.887
---------------------------------------------------------------------------------
---------------------------------------------------------------------------------
Start Renaming Generated Ports
---------------------------------------------------------------------------------
---------------------------------------------------------------------------------
Finished Renaming Generated Ports : Time (s): cpu = 00:01:40 ; elapsed = 00:02:38 . Memory (MB): peak = 1559.488 ; gain = 655.887
---------------------------------------------------------------------------------
---------------------------------------------------------------------------------
Start Handling Custom Attributes
---------------------------------------------------------------------------------
---------------------------------------------------------------------------------
Finished Handling Custom Attributes : Time (s): cpu = 00:01:40 ; elapsed = 00:02:38 . Memory (MB): peak = 1559.488 ; gain = 655.887
---------------------------------------------------------------------------------
---------------------------------------------------------------------------------
Start Renaming Generated Nets
---------------------------------------------------------------------------------
---------------------------------------------------------------------------------
Finished Renaming Generated Nets : Time (s): cpu = 00:01:40 ; elapsed = 00:02:38 . Memory (MB): peak = 1559.488 ; gain = 655.887
---------------------------------------------------------------------------------
---------------------------------------------------------------------------------
Start Writing Synthesis Report
---------------------------------------------------------------------------------

Report BlackBoxes: 
+-+--------------+----------+
| |BlackBox name |Instances |
+-+--------------+----------+
+-+--------------+----------+

Report Cell Usage: 
+------+-------+------+
|      |Cell   |Count |
+------+-------+------+
|1     |CARRY4 |    20|
|2     |LUT1   |    40|
|3     |LUT2   |    50|
|4     |LUT3   |    35|
|5     |LUT4   |    97|
|6     |LUT5   |    47|
|7     |LUT6   |   169|
|8     |FDCE   |    25|
|9     |FDRE   |    35|
|10    |FDSE   |     3|
+------+-------+------+
---------------------------------------------------------------------------------
Finished Writing Synthesis Report : Time (s): cpu = 00:01:40 ; elapsed = 00:02:38 . Memory (MB): peak = 1559.488 ; gain = 655.887
---------------------------------------------------------------------------------
Synthesis finished with 0 errors, 54 critical warnings and 101 warnings.
Synthesis Optimization Runtime : Time (s): cpu = 00:01:10 ; elapsed = 00:02:29 . Memory (MB): peak = 1559.488 ; gain = 560.215
Synthesis Optimization Complete : Time (s): cpu = 00:01:40 ; elapsed = 00:02:38 . Memory (MB): peak = 1559.488 ; gain = 655.887
INFO: [Project 1-571] Translating synthesized netlist
Netlist sorting complete. Time (s): cpu = 00:00:00 ; elapsed = 00:00:00.028 . Memory (MB): peak = 1559.488 ; gain = 0.000
INFO: [Netlist 29-17] Analyzing 20 Unisim elements for replacement
INFO: [Netlist 29-28] Unisim Transformation completed in 0 CPU seconds
INFO: [Project 1-570] Preparing netlist for logic optimization
INFO: [Opt 31-138] Pushed 0 inverter(s) to 0 load pin(s).
Netlist sorting complete. Time (s): cpu = 00:00:00 ; elapsed = 00:00:00.001 . Memory (MB): peak = 1559.488 ; gain = 0.000
INFO: [Project 1-111] Unisim Transformation Summary:
No Unisim elements were transformed.

The system cannot find the path specified.
Synth Design complete | Checksum: 5217876a
INFO: [Common 17-83] Releasing license: Synthesis
32 Infos, 105 Warnings, 54 Critical Warnings and 0 Errors encountered.
synth_design completed successfully
synth_design: Time (s): cpu = 00:01:54 ; elapsed = 00:03:03 . Memory (MB): peak = 1559.488 ; gain = 1075.902
Write ShapeDB Complete: Time (s): cpu = 00:00:00 ; elapsed = 00:00:00.010 . Memory (MB): peak = 1559.488 ; gain = 0.000
INFO: [Common 17-1381] The checkpoint 'C:/Users/Home/Documents/FPGASummerProject/Project/matrix_multiplier/matrix_multiplier.runs/hdmi_out_top_0_6_synth_1/hdmi_out_top_0_6.dcp' has been generated.
INFO: [runtcl-6] Synthesis results are not added to the cache due to CRITICAL_WARNING
INFO: [Coretcl 2-1174] Renamed 3 cell refs.
Write ShapeDB Complete: Time (s): cpu = 00:00:00 ; elapsed = 00:00:00.008 . Memory (MB): peak = 1559.488 ; gain = 0.000
INFO: [Common 17-1381] The checkpoint 'C:/Users/Home/Documents/FPGASummerProject/Project/matrix_multiplier/matrix_multiplier.runs/hdmi_out_top_0_6_synth_1/hdmi_out_top_0_6.dcp' has been generated.
INFO: [runtcl-4] Executing : report_utilization -file hdmi_out_top_0_6_utilization_synth.rpt -pb hdmi_out_top_0_6_utilization_synth.pb
INFO: [Common 17-206] Exiting Vivado at Tue Aug 11 21:27:06 2026...
